
AVRASM ver. 2.1.30  C:\cvavr\BIN\AZ7\Q1\Debug\List\Q1.asm Mon Jun 05 12:49:03 2023

C:\cvavr\BIN\AZ7\Q1\Debug\List\Q1.asm(1088): warning: Register r5 already defined by the .DEF directive
C:\cvavr\BIN\AZ7\Q1\Debug\List\Q1.asm(1089): warning: Register r4 already defined by the .DEF directive
C:\cvavr\BIN\AZ7\Q1\Debug\List\Q1.asm(1090): warning: Register r7 already defined by the .DEF directive
                 
                 
                 ;CodeVisionAVR C Compiler V3.12 Advanced
                 ;(C) Copyright 1998-2014 Pavel Haiduc, HP InfoTech s.r.l.
                 ;http://www.hpinfotech.com
                 
                 ;Build configuration    : Debug
                 ;Chip type              : ATmega16
                 ;Program type           : Application
                 ;Clock frequency        : 8/000000 MHz
                 ;Memory model           : Small
                 ;Optimize for           : Size
                 ;(s)printf features     : int, width
                 ;(s)scanf features      : int, width
                 ;External RAM size      : 0
                 ;Data Stack size        : 256 byte(s)
                 ;Heap size              : 0 byte(s)
                 ;Promote 'char' to 'int': Yes
                 ;'char' is unsigned     : Yes
                 ;8 bit enums            : Yes
                 ;Global 'const' stored in FLASH: Yes
                 ;Enhanced function parameter passing: Yes
                 ;Enhanced core instructions: On
                 ;Automatic register allocation for global variables: On
                 ;Smart register allocation: On
                 
                 	#define _MODEL_SMALL_
                 
                 	#pragma AVRPART ADMIN PART_NAME ATmega16
                 	#pragma AVRPART MEMORY PROG_FLASH 16384
                 	#pragma AVRPART MEMORY EEPROM 512
                 	#pragma AVRPART MEMORY INT_SRAM SIZE 1024
                 	#pragma AVRPART MEMORY INT_SRAM START_ADDR 0x60
                 
                 	#define CALL_SUPPORTED 1
                 
                 	.LISTMAC
                 	.EQU UDRE=0x5
                 	.EQU RXC=0x7
                 	.EQU USR=0xB
                 	.EQU UDR=0xC
                 	.EQU SPSR=0xE
                 	.EQU SPDR=0xF
                 	.EQU EERE=0x0
                 	.EQU EEWE=0x1
                 	.EQU EEMWE=0x2
                 	.EQU EECR=0x1C
                 	.EQU EEDR=0x1D
                 	.EQU EEARL=0x1E
                 	.EQU EEARH=0x1F
                 	.EQU WDTCR=0x21
                 	.EQU MCUCR=0x35
                 	.EQU GICR=0x3B
                 	.EQU SPL=0x3D
                 	.EQU SPH=0x3E
                 	.EQU SREG=0x3F
                 
                 	.DEF R0X0=R0
                 	.DEF R0X1=R1
                 	.DEF R0X2=R2
                 	.DEF R0X3=R3
                 	.DEF R0X4=R4
                 	.DEF R0X5=R5
                 	.DEF R0X6=R6
                 	.DEF R0X7=R7
                 	.DEF R0X8=R8
                 	.DEF R0X9=R9
                 	.DEF R0XA=R10
                 	.DEF R0XB=R11
                 	.DEF R0XC=R12
                 	.DEF R0XD=R13
                 	.DEF R0XE=R14
                 	.DEF R0XF=R15
                 	.DEF R0X10=R16
                 	.DEF R0X11=R17
                 	.DEF R0X12=R18
                 	.DEF R0X13=R19
                 	.DEF R0X14=R20
                 	.DEF R0X15=R21
                 	.DEF R0X16=R22
                 	.DEF R0X17=R23
                 	.DEF R0X18=R24
                 	.DEF R0X19=R25
                 	.DEF R0X1A=R26
                 	.DEF R0X1B=R27
                 	.DEF R0X1C=R28
                 	.DEF R0X1D=R29
                 	.DEF R0X1E=R30
                 	.DEF R0X1F=R31
                 
                 	.EQU __SRAM_START=0x0060
                 	.EQU __SRAM_END=0x045F
                 	.EQU __DSTACK_SIZE=0x0100
                 	.EQU __HEAP_SIZE=0x0000
                 	.EQU __CLEAR_SRAM_SIZE=__SRAM_END-__SRAM_START+1
                 
                 	.MACRO __CPD1N
                 	CPI  R30,LOW(@0)
                 	LDI  R26,HIGH(@0)
                 	CPC  R31,R26
                 	LDI  R26,BYTE3(@0)
                 	CPC  R22,R26
                 	LDI  R26,BYTE4(@0)
                 	CPC  R23,R26
                 	.ENDM
                 
                 	.MACRO __CPD2N
                 	CPI  R26,LOW(@0)
                 	LDI  R30,HIGH(@0)
                 	CPC  R27,R30
                 	LDI  R30,BYTE3(@0)
                 	CPC  R24,R30
                 	LDI  R30,BYTE4(@0)
                 	CPC  R25,R30
                 	.ENDM
                 
                 	.MACRO __CPWRR
                 	CP   R@0,R@2
                 	CPC  R@1,R@3
                 	.ENDM
                 
                 	.MACRO __CPWRN
                 	CPI  R@0,LOW(@2)
                 	LDI  R30,HIGH(@2)
                 	CPC  R@1,R30
                 	.ENDM
                 
                 	.MACRO __ADDB1MN
                 	SUBI R30,LOW(-@0-(@1))
                 	.ENDM
                 
                 	.MACRO __ADDB2MN
                 	SUBI R26,LOW(-@0-(@1))
                 	.ENDM
                 
                 	.MACRO __ADDW1MN
                 	SUBI R30,LOW(-@0-(@1))
                 	SBCI R31,HIGH(-@0-(@1))
                 	.ENDM
                 
                 	.MACRO __ADDW2MN
                 	SUBI R26,LOW(-@0-(@1))
                 	SBCI R27,HIGH(-@0-(@1))
                 	.ENDM
                 
                 	.MACRO __ADDW1FN
                 	SUBI R30,LOW(-2*@0-(@1))
                 	SBCI R31,HIGH(-2*@0-(@1))
                 	.ENDM
                 
                 	.MACRO __ADDD1FN
                 	SUBI R30,LOW(-2*@0-(@1))
                 	SBCI R31,HIGH(-2*@0-(@1))
                 	SBCI R22,BYTE3(-2*@0-(@1))
                 	.ENDM
                 
                 	.MACRO __ADDD1N
                 	SUBI R30,LOW(-@0)
                 	SBCI R31,HIGH(-@0)
                 	SBCI R22,BYTE3(-@0)
                 	SBCI R23,BYTE4(-@0)
                 	.ENDM
                 
                 	.MACRO __ADDD2N
                 	SUBI R26,LOW(-@0)
                 	SBCI R27,HIGH(-@0)
                 	SBCI R24,BYTE3(-@0)
                 	SBCI R25,BYTE4(-@0)
                 	.ENDM
                 
                 	.MACRO __SUBD1N
                 	SUBI R30,LOW(@0)
                 	SBCI R31,HIGH(@0)
                 	SBCI R22,BYTE3(@0)
                 	SBCI R23,BYTE4(@0)
                 	.ENDM
                 
                 	.MACRO __SUBD2N
                 	SUBI R26,LOW(@0)
                 	SBCI R27,HIGH(@0)
                 	SBCI R24,BYTE3(@0)
                 	SBCI R25,BYTE4(@0)
                 	.ENDM
                 
                 	.MACRO __ANDBMNN
                 	LDS  R30,@0+(@1)
                 	ANDI R30,LOW(@2)
                 	STS  @0+(@1),R30
                 	.ENDM
                 
                 	.MACRO __ANDWMNN
                 	LDS  R30,@0+(@1)
                 	ANDI R30,LOW(@2)
                 	STS  @0+(@1),R30
                 	LDS  R30,@0+(@1)+1
                 	ANDI R30,HIGH(@2)
                 	STS  @0+(@1)+1,R30
                 	.ENDM
                 
                 	.MACRO __ANDD1N
                 	ANDI R30,LOW(@0)
                 	ANDI R31,HIGH(@0)
                 	ANDI R22,BYTE3(@0)
                 	ANDI R23,BYTE4(@0)
                 	.ENDM
                 
                 	.MACRO __ANDD2N
                 	ANDI R26,LOW(@0)
                 	ANDI R27,HIGH(@0)
                 	ANDI R24,BYTE3(@0)
                 	ANDI R25,BYTE4(@0)
                 	.ENDM
                 
                 	.MACRO __ORBMNN
                 	LDS  R30,@0+(@1)
                 	ORI  R30,LOW(@2)
                 	STS  @0+(@1),R30
                 	.ENDM
                 
                 	.MACRO __ORWMNN
                 	LDS  R30,@0+(@1)
                 	ORI  R30,LOW(@2)
                 	STS  @0+(@1),R30
                 	LDS  R30,@0+(@1)+1
                 	ORI  R30,HIGH(@2)
                 	STS  @0+(@1)+1,R30
                 	.ENDM
                 
                 	.MACRO __ORD1N
                 	ORI  R30,LOW(@0)
                 	ORI  R31,HIGH(@0)
                 	ORI  R22,BYTE3(@0)
                 	ORI  R23,BYTE4(@0)
                 	.ENDM
                 
                 	.MACRO __ORD2N
                 	ORI  R26,LOW(@0)
                 	ORI  R27,HIGH(@0)
                 	ORI  R24,BYTE3(@0)
                 	ORI  R25,BYTE4(@0)
                 	.ENDM
                 
                 	.MACRO __DELAY_USB
                 	LDI  R24,LOW(@0)
                 __DELAY_USB_LOOP:
                 	DEC  R24
                 	BRNE __DELAY_USB_LOOP
                 	.ENDM
                 
                 	.MACRO __DELAY_USW
                 	LDI  R24,LOW(@0)
                 	LDI  R25,HIGH(@0)
                 __DELAY_USW_LOOP:
                 	SBIW R24,1
                 	BRNE __DELAY_USW_LOOP
                 	.ENDM
                 
                 	.MACRO __GETD1S
                 	LDD  R30,Y+@0
                 	LDD  R31,Y+@0+1
                 	LDD  R22,Y+@0+2
                 	LDD  R23,Y+@0+3
                 	.ENDM
                 
                 	.MACRO __GETD2S
                 	LDD  R26,Y+@0
                 	LDD  R27,Y+@0+1
                 	LDD  R24,Y+@0+2
                 	LDD  R25,Y+@0+3
                 	.ENDM
                 
                 	.MACRO __PUTD1S
                 	STD  Y+@0,R30
                 	STD  Y+@0+1,R31
                 	STD  Y+@0+2,R22
                 	STD  Y+@0+3,R23
                 	.ENDM
                 
                 	.MACRO __PUTD2S
                 	STD  Y+@0,R26
                 	STD  Y+@0+1,R27
                 	STD  Y+@0+2,R24
                 	STD  Y+@0+3,R25
                 	.ENDM
                 
                 	.MACRO __PUTDZ2
                 	STD  Z+@0,R26
                 	STD  Z+@0+1,R27
                 	STD  Z+@0+2,R24
                 	STD  Z+@0+3,R25
                 	.ENDM
                 
                 	.MACRO __CLRD1S
                 	STD  Y+@0,R30
                 	STD  Y+@0+1,R30
                 	STD  Y+@0+2,R30
                 	STD  Y+@0+3,R30
                 	.ENDM
                 
                 	.MACRO __POINTB1MN
                 	LDI  R30,LOW(@0+(@1))
                 	.ENDM
                 
                 	.MACRO __POINTW1MN
                 	LDI  R30,LOW(@0+(@1))
                 	LDI  R31,HIGH(@0+(@1))
                 	.ENDM
                 
                 	.MACRO __POINTD1M
                 	LDI  R30,LOW(@0)
                 	LDI  R31,HIGH(@0)
                 	LDI  R22,BYTE3(@0)
                 	LDI  R23,BYTE4(@0)
                 	.ENDM
                 
                 	.MACRO __POINTW1FN
                 	LDI  R30,LOW(2*@0+(@1))
                 	LDI  R31,HIGH(2*@0+(@1))
                 	.ENDM
                 
                 	.MACRO __POINTD1FN
                 	LDI  R30,LOW(2*@0+(@1))
                 	LDI  R31,HIGH(2*@0+(@1))
                 	LDI  R22,BYTE3(2*@0+(@1))
                 	LDI  R23,BYTE4(2*@0+(@1))
                 	.ENDM
                 
                 	.MACRO __POINTB2MN
                 	LDI  R26,LOW(@0+(@1))
                 	.ENDM
                 
                 	.MACRO __POINTW2MN
                 	LDI  R26,LOW(@0+(@1))
                 	LDI  R27,HIGH(@0+(@1))
                 	.ENDM
                 
                 	.MACRO __POINTW2FN
                 	LDI  R26,LOW(2*@0+(@1))
                 	LDI  R27,HIGH(2*@0+(@1))
                 	.ENDM
                 
                 	.MACRO __POINTD2FN
                 	LDI  R26,LOW(2*@0+(@1))
                 	LDI  R27,HIGH(2*@0+(@1))
                 	LDI  R24,BYTE3(2*@0+(@1))
                 	LDI  R25,BYTE4(2*@0+(@1))
                 	.ENDM
                 
                 	.MACRO __POINTBRM
                 	LDI  R@0,LOW(@1)
                 	.ENDM
                 
                 	.MACRO __POINTWRM
                 	LDI  R@0,LOW(@2)
                 	LDI  R@1,HIGH(@2)
                 	.ENDM
                 
                 	.MACRO __POINTBRMN
                 	LDI  R@0,LOW(@1+(@2))
                 	.ENDM
                 
                 	.MACRO __POINTWRMN
                 	LDI  R@0,LOW(@2+(@3))
                 	LDI  R@1,HIGH(@2+(@3))
                 	.ENDM
                 
                 	.MACRO __POINTWRFN
                 	LDI  R@0,LOW(@2*2+(@3))
                 	LDI  R@1,HIGH(@2*2+(@3))
                 	.ENDM
                 
                 	.MACRO __GETD1N
                 	LDI  R30,LOW(@0)
                 	LDI  R31,HIGH(@0)
                 	LDI  R22,BYTE3(@0)
                 	LDI  R23,BYTE4(@0)
                 	.ENDM
                 
                 	.MACRO __GETD2N
                 	LDI  R26,LOW(@0)
                 	LDI  R27,HIGH(@0)
                 	LDI  R24,BYTE3(@0)
                 	LDI  R25,BYTE4(@0)
                 	.ENDM
                 
                 	.MACRO __GETB1MN
                 	LDS  R30,@0+(@1)
                 	.ENDM
                 
                 	.MACRO __GETB1HMN
                 	LDS  R31,@0+(@1)
                 	.ENDM
                 
                 	.MACRO __GETW1MN
                 	LDS  R30,@0+(@1)
                 	LDS  R31,@0+(@1)+1
                 	.ENDM
                 
                 	.MACRO __GETD1MN
                 	LDS  R30,@0+(@1)
                 	LDS  R31,@0+(@1)+1
                 	LDS  R22,@0+(@1)+2
                 	LDS  R23,@0+(@1)+3
                 	.ENDM
                 
                 	.MACRO __GETBRMN
                 	LDS  R@0,@1+(@2)
                 	.ENDM
                 
                 	.MACRO __GETWRMN
                 	LDS  R@0,@2+(@3)
                 	LDS  R@1,@2+(@3)+1
                 	.ENDM
                 
                 	.MACRO __GETWRZ
                 	LDD  R@0,Z+@2
                 	LDD  R@1,Z+@2+1
                 	.ENDM
                 
                 	.MACRO __GETD2Z
                 	LDD  R26,Z+@0
                 	LDD  R27,Z+@0+1
                 	LDD  R24,Z+@0+2
                 	LDD  R25,Z+@0+3
                 	.ENDM
                 
                 	.MACRO __GETB2MN
                 	LDS  R26,@0+(@1)
                 	.ENDM
                 
                 	.MACRO __GETW2MN
                 	LDS  R26,@0+(@1)
                 	LDS  R27,@0+(@1)+1
                 	.ENDM
                 
                 	.MACRO __GETD2MN
                 	LDS  R26,@0+(@1)
                 	LDS  R27,@0+(@1)+1
                 	LDS  R24,@0+(@1)+2
                 	LDS  R25,@0+(@1)+3
                 	.ENDM
                 
                 	.MACRO __PUTB1MN
                 	STS  @0+(@1),R30
                 	.ENDM
                 
                 	.MACRO __PUTW1MN
                 	STS  @0+(@1),R30
                 	STS  @0+(@1)+1,R31
                 	.ENDM
                 
                 	.MACRO __PUTD1MN
                 	STS  @0+(@1),R30
                 	STS  @0+(@1)+1,R31
                 	STS  @0+(@1)+2,R22
                 	STS  @0+(@1)+3,R23
                 	.ENDM
                 
                 	.MACRO __PUTB1EN
                 	LDI  R26,LOW(@0+(@1))
                 	LDI  R27,HIGH(@0+(@1))
                 	CALL __EEPROMWRB
                 	.ENDM
                 
                 	.MACRO __PUTW1EN
                 	LDI  R26,LOW(@0+(@1))
                 	LDI  R27,HIGH(@0+(@1))
                 	CALL __EEPROMWRW
                 	.ENDM
                 
                 	.MACRO __PUTD1EN
                 	LDI  R26,LOW(@0+(@1))
                 	LDI  R27,HIGH(@0+(@1))
                 	CALL __EEPROMWRD
                 	.ENDM
                 
                 	.MACRO __PUTBR0MN
                 	STS  @0+(@1),R0
                 	.ENDM
                 
                 	.MACRO __PUTBMRN
                 	STS  @0+(@1),R@2
                 	.ENDM
                 
                 	.MACRO __PUTWMRN
                 	STS  @0+(@1),R@2
                 	STS  @0+(@1)+1,R@3
                 	.ENDM
                 
                 	.MACRO __PUTBZR
                 	STD  Z+@1,R@0
                 	.ENDM
                 
                 	.MACRO __PUTWZR
                 	STD  Z+@2,R@0
                 	STD  Z+@2+1,R@1
                 	.ENDM
                 
                 	.MACRO __GETW1R
                 	MOV  R30,R@0
                 	MOV  R31,R@1
                 	.ENDM
                 
                 	.MACRO __GETW2R
                 	MOV  R26,R@0
                 	MOV  R27,R@1
                 	.ENDM
                 
                 	.MACRO __GETWRN
                 	LDI  R@0,LOW(@2)
                 	LDI  R@1,HIGH(@2)
                 	.ENDM
                 
                 	.MACRO __PUTW1R
                 	MOV  R@0,R30
                 	MOV  R@1,R31
                 	.ENDM
                 
                 	.MACRO __PUTW2R
                 	MOV  R@0,R26
                 	MOV  R@1,R27
                 	.ENDM
                 
                 	.MACRO __ADDWRN
                 	SUBI R@0,LOW(-@2)
                 	SBCI R@1,HIGH(-@2)
                 	.ENDM
                 
                 	.MACRO __ADDWRR
                 	ADD  R@0,R@2
                 	ADC  R@1,R@3
                 	.ENDM
                 
                 	.MACRO __SUBWRN
                 	SUBI R@0,LOW(@2)
                 	SBCI R@1,HIGH(@2)
                 	.ENDM
                 
                 	.MACRO __SUBWRR
                 	SUB  R@0,R@2
                 	SBC  R@1,R@3
                 	.ENDM
                 
                 	.MACRO __ANDWRN
                 	ANDI R@0,LOW(@2)
                 	ANDI R@1,HIGH(@2)
                 	.ENDM
                 
                 	.MACRO __ANDWRR
                 	AND  R@0,R@2
                 	AND  R@1,R@3
                 	.ENDM
                 
                 	.MACRO __ORWRN
                 	ORI  R@0,LOW(@2)
                 	ORI  R@1,HIGH(@2)
                 	.ENDM
                 
                 	.MACRO __ORWRR
                 	OR   R@0,R@2
                 	OR   R@1,R@3
                 	.ENDM
                 
                 	.MACRO __EORWRR
                 	EOR  R@0,R@2
                 	EOR  R@1,R@3
                 	.ENDM
                 
                 	.MACRO __GETWRS
                 	LDD  R@0,Y+@2
                 	LDD  R@1,Y+@2+1
                 	.ENDM
                 
                 	.MACRO __PUTBSR
                 	STD  Y+@1,R@0
                 	.ENDM
                 
                 	.MACRO __PUTWSR
                 	STD  Y+@2,R@0
                 	STD  Y+@2+1,R@1
                 	.ENDM
                 
                 	.MACRO __MOVEWRR
                 	MOV  R@0,R@2
                 	MOV  R@1,R@3
                 	.ENDM
                 
                 	.MACRO __INWR
                 	IN   R@0,@2
                 	IN   R@1,@2+1
                 	.ENDM
                 
                 	.MACRO __OUTWR
                 	OUT  @2+1,R@1
                 	OUT  @2,R@0
                 	.ENDM
                 
                 	.MACRO __CALL1MN
                 	LDS  R30,@0+(@1)
                 	LDS  R31,@0+(@1)+1
                 	ICALL
                 	.ENDM
                 
                 	.MACRO __CALL1FN
                 	LDI  R30,LOW(2*@0+(@1))
                 	LDI  R31,HIGH(2*@0+(@1))
                 	CALL __GETW1PF
                 	ICALL
                 	.ENDM
                 
                 	.MACRO __CALL2EN
                 	PUSH R26
                 	PUSH R27
                 	LDI  R26,LOW(@0+(@1))
                 	LDI  R27,HIGH(@0+(@1))
                 	CALL __EEPROMRDW
                 	POP  R27
                 	POP  R26
                 	ICALL
                 	.ENDM
                 
                 	.MACRO __CALL2EX
                 	SUBI R26,LOW(-@0)
                 	SBCI R27,HIGH(-@0)
                 	CALL __EEPROMRDD
                 	ICALL
                 	.ENDM
                 
                 	.MACRO __GETW1STACK
                 	IN   R30,SPL
                 	IN   R31,SPH
                 	ADIW R30,@0+1
                 	LD   R0,Z+
                 	LD   R31,Z
                 	MOV  R30,R0
                 	.ENDM
                 
                 	.MACRO __GETD1STACK
                 	IN   R30,SPL
                 	IN   R31,SPH
                 	ADIW R30,@0+1
                 	LD   R0,Z+
                 	LD   R1,Z+
                 	LD   R22,Z
                 	MOVW R30,R0
                 	.ENDM
                 
                 	.MACRO __NBST
                 	BST  R@0,@1
                 	IN   R30,SREG
                 	LDI  R31,0x40
                 	EOR  R30,R31
                 	OUT  SREG,R30
                 	.ENDM
                 
                 
                 	.MACRO __PUTB1SN
                 	LDD  R26,Y+@0
                 	LDD  R27,Y+@0+1
                 	SUBI R26,LOW(-@1)
                 	SBCI R27,HIGH(-@1)
                 	ST   X,R30
                 	.ENDM
                 
                 	.MACRO __PUTW1SN
                 	LDD  R26,Y+@0
                 	LDD  R27,Y+@0+1
                 	SUBI R26,LOW(-@1)
                 	SBCI R27,HIGH(-@1)
                 	ST   X+,R30
                 	ST   X,R31
                 	.ENDM
                 
                 	.MACRO __PUTD1SN
                 	LDD  R26,Y+@0
                 	LDD  R27,Y+@0+1
                 	SUBI R26,LOW(-@1)
                 	SBCI R27,HIGH(-@1)
                 	CALL __PUTDP1
                 	.ENDM
                 
                 	.MACRO __PUTB1SNS
                 	LDD  R26,Y+@0
                 	LDD  R27,Y+@0+1
                 	ADIW R26,@1
                 	ST   X,R30
                 	.ENDM
                 
                 	.MACRO __PUTW1SNS
                 	LDD  R26,Y+@0
                 	LDD  R27,Y+@0+1
                 	ADIW R26,@1
                 	ST   X+,R30
                 	ST   X,R31
                 	.ENDM
                 
                 	.MACRO __PUTD1SNS
                 	LDD  R26,Y+@0
                 	LDD  R27,Y+@0+1
                 	ADIW R26,@1
                 	CALL __PUTDP1
                 	.ENDM
                 
                 	.MACRO __PUTB1PMN
                 	LDS  R26,@0
                 	LDS  R27,@0+1
                 	SUBI R26,LOW(-@1)
                 	SBCI R27,HIGH(-@1)
                 	ST   X,R30
                 	.ENDM
                 
                 	.MACRO __PUTW1PMN
                 	LDS  R26,@0
                 	LDS  R27,@0+1
                 	SUBI R26,LOW(-@1)
                 	SBCI R27,HIGH(-@1)
                 	ST   X+,R30
                 	ST   X,R31
                 	.ENDM
                 
                 	.MACRO __PUTD1PMN
                 	LDS  R26,@0
                 	LDS  R27,@0+1
                 	SUBI R26,LOW(-@1)
                 	SBCI R27,HIGH(-@1)
                 	CALL __PUTDP1
                 	.ENDM
                 
                 	.MACRO __PUTB1PMNS
                 	LDS  R26,@0
                 	LDS  R27,@0+1
                 	ADIW R26,@1
                 	ST   X,R30
                 	.ENDM
                 
                 	.MACRO __PUTW1PMNS
                 	LDS  R26,@0
                 	LDS  R27,@0+1
                 	ADIW R26,@1
                 	ST   X+,R30
                 	ST   X,R31
                 	.ENDM
                 
                 	.MACRO __PUTD1PMNS
                 	LDS  R26,@0
                 	LDS  R27,@0+1
                 	ADIW R26,@1
                 	CALL __PUTDP1
                 	.ENDM
                 
                 	.MACRO __PUTB1RN
                 	MOVW R26,R@0
                 	SUBI R26,LOW(-@1)
                 	SBCI R27,HIGH(-@1)
                 	ST   X,R30
                 	.ENDM
                 
                 	.MACRO __PUTW1RN
                 	MOVW R26,R@0
                 	SUBI R26,LOW(-@1)
                 	SBCI R27,HIGH(-@1)
                 	ST   X+,R30
                 	ST   X,R31
                 	.ENDM
                 
                 	.MACRO __PUTD1RN
                 	MOVW R26,R@0
                 	SUBI R26,LOW(-@1)
                 	SBCI R27,HIGH(-@1)
                 	CALL __PUTDP1
                 	.ENDM
                 
                 	.MACRO __PUTB1RNS
                 	MOVW R26,R@0
                 	ADIW R26,@1
                 	ST   X,R30
                 	.ENDM
                 
                 	.MACRO __PUTW1RNS
                 	MOVW R26,R@0
                 	ADIW R26,@1
                 	ST   X+,R30
                 	ST   X,R31
                 	.ENDM
                 
                 	.MACRO __PUTD1RNS
                 	MOVW R26,R@0
                 	ADIW R26,@1
                 	CALL __PUTDP1
                 	.ENDM
                 
                 	.MACRO __PUTB1RON
                 	MOV  R26,R@0
                 	MOV  R27,R@1
                 	SUBI R26,LOW(-@2)
                 	SBCI R27,HIGH(-@2)
                 	ST   X,R30
                 	.ENDM
                 
                 	.MACRO __PUTW1RON
                 	MOV  R26,R@0
                 	MOV  R27,R@1
                 	SUBI R26,LOW(-@2)
                 	SBCI R27,HIGH(-@2)
                 	ST   X+,R30
                 	ST   X,R31
                 	.ENDM
                 
                 	.MACRO __PUTD1RON
                 	MOV  R26,R@0
                 	MOV  R27,R@1
                 	SUBI R26,LOW(-@2)
                 	SBCI R27,HIGH(-@2)
                 	CALL __PUTDP1
                 	.ENDM
                 
                 	.MACRO __PUTB1RONS
                 	MOV  R26,R@0
                 	MOV  R27,R@1
                 	ADIW R26,@2
                 	ST   X,R30
                 	.ENDM
                 
                 	.MACRO __PUTW1RONS
                 	MOV  R26,R@0
                 	MOV  R27,R@1
                 	ADIW R26,@2
                 	ST   X+,R30
                 	ST   X,R31
                 	.ENDM
                 
                 	.MACRO __PUTD1RONS
                 	MOV  R26,R@0
                 	MOV  R27,R@1
                 	ADIW R26,@2
                 	CALL __PUTDP1
                 	.ENDM
                 
                 
                 	.MACRO __GETB1SX
                 	MOVW R30,R28
                 	SUBI R30,LOW(-@0)
                 	SBCI R31,HIGH(-@0)
                 	LD   R30,Z
                 	.ENDM
                 
                 	.MACRO __GETB1HSX
                 	MOVW R30,R28
                 	SUBI R30,LOW(-@0)
                 	SBCI R31,HIGH(-@0)
                 	LD   R31,Z
                 	.ENDM
                 
                 	.MACRO __GETW1SX
                 	MOVW R30,R28
                 	SUBI R30,LOW(-@0)
                 	SBCI R31,HIGH(-@0)
                 	LD   R0,Z+
                 	LD   R31,Z
                 	MOV  R30,R0
                 	.ENDM
                 
                 	.MACRO __GETD1SX
                 	MOVW R30,R28
                 	SUBI R30,LOW(-@0)
                 	SBCI R31,HIGH(-@0)
                 	LD   R0,Z+
                 	LD   R1,Z+
                 	LD   R22,Z+
                 	LD   R23,Z
                 	MOVW R30,R0
                 	.ENDM
                 
                 	.MACRO __GETB2SX
                 	MOVW R26,R28
                 	SUBI R26,LOW(-@0)
                 	SBCI R27,HIGH(-@0)
                 	LD   R26,X
                 	.ENDM
                 
                 	.MACRO __GETW2SX
                 	MOVW R26,R28
                 	SUBI R26,LOW(-@0)
                 	SBCI R27,HIGH(-@0)
                 	LD   R0,X+
                 	LD   R27,X
                 	MOV  R26,R0
                 	.ENDM
                 
                 	.MACRO __GETD2SX
                 	MOVW R26,R28
                 	SUBI R26,LOW(-@0)
                 	SBCI R27,HIGH(-@0)
                 	LD   R0,X+
                 	LD   R1,X+
                 	LD   R24,X+
                 	LD   R25,X
                 	MOVW R26,R0
                 	.ENDM
                 
                 	.MACRO __GETBRSX
                 	MOVW R30,R28
                 	SUBI R30,LOW(-@1)
                 	SBCI R31,HIGH(-@1)
                 	LD   R@0,Z
                 	.ENDM
                 
                 	.MACRO __GETWRSX
                 	MOVW R30,R28
                 	SUBI R30,LOW(-@2)
                 	SBCI R31,HIGH(-@2)
                 	LD   R@0,Z+
                 	LD   R@1,Z
                 	.ENDM
                 
                 	.MACRO __GETBRSX2
                 	MOVW R26,R28
                 	SUBI R26,LOW(-@1)
                 	SBCI R27,HIGH(-@1)
                 	LD   R@0,X
                 	.ENDM
                 
                 	.MACRO __GETWRSX2
                 	MOVW R26,R28
                 	SUBI R26,LOW(-@2)
                 	SBCI R27,HIGH(-@2)
                 	LD   R@0,X+
                 	LD   R@1,X
                 	.ENDM
                 
                 	.MACRO __LSLW8SX
                 	MOVW R30,R28
                 	SUBI R30,LOW(-@0)
                 	SBCI R31,HIGH(-@0)
                 	LD   R31,Z
                 	CLR  R30
                 	.ENDM
                 
                 	.MACRO __PUTB1SX
                 	MOVW R26,R28
                 	SUBI R26,LOW(-@0)
                 	SBCI R27,HIGH(-@0)
                 	ST   X,R30
                 	.ENDM
                 
                 	.MACRO __PUTW1SX
                 	MOVW R26,R28
                 	SUBI R26,LOW(-@0)
                 	SBCI R27,HIGH(-@0)
                 	ST   X+,R30
                 	ST   X,R31
                 	.ENDM
                 
                 	.MACRO __PUTD1SX
                 	MOVW R26,R28
                 	SUBI R26,LOW(-@0)
                 	SBCI R27,HIGH(-@0)
                 	ST   X+,R30
                 	ST   X+,R31
                 	ST   X+,R22
                 	ST   X,R23
                 	.ENDM
                 
                 	.MACRO __CLRW1SX
                 	MOVW R26,R28
                 	SUBI R26,LOW(-@0)
                 	SBCI R27,HIGH(-@0)
                 	ST   X+,R30
                 	ST   X,R30
                 	.ENDM
                 
                 	.MACRO __CLRD1SX
                 	MOVW R26,R28
                 	SUBI R26,LOW(-@0)
                 	SBCI R27,HIGH(-@0)
                 	ST   X+,R30
                 	ST   X+,R30
                 	ST   X+,R30
                 	ST   X,R30
                 	.ENDM
                 
                 	.MACRO __PUTB2SX
                 	MOVW R30,R28
                 	SUBI R30,LOW(-@0)
                 	SBCI R31,HIGH(-@0)
                 	ST   Z,R26
                 	.ENDM
                 
                 	.MACRO __PUTW2SX
                 	MOVW R30,R28
                 	SUBI R30,LOW(-@0)
                 	SBCI R31,HIGH(-@0)
                 	ST   Z+,R26
                 	ST   Z,R27
                 	.ENDM
                 
                 	.MACRO __PUTD2SX
                 	MOVW R30,R28
                 	SUBI R30,LOW(-@0)
                 	SBCI R31,HIGH(-@0)
                 	ST   Z+,R26
                 	ST   Z+,R27
                 	ST   Z+,R24
                 	ST   Z,R25
                 	.ENDM
                 
                 	.MACRO __PUTBSRX
                 	MOVW R30,R28
                 	SUBI R30,LOW(-@1)
                 	SBCI R31,HIGH(-@1)
                 	ST   Z,R@0
                 	.ENDM
                 
                 	.MACRO __PUTWSRX
                 	MOVW R30,R28
                 	SUBI R30,LOW(-@2)
                 	SBCI R31,HIGH(-@2)
                 	ST   Z+,R@0
                 	ST   Z,R@1
                 	.ENDM
                 
                 	.MACRO __PUTB1SNX
                 	MOVW R26,R28
                 	SUBI R26,LOW(-@0)
                 	SBCI R27,HIGH(-@0)
                 	LD   R0,X+
                 	LD   R27,X
                 	MOV  R26,R0
                 	SUBI R26,LOW(-@1)
                 	SBCI R27,HIGH(-@1)
                 	ST   X,R30
                 	.ENDM
                 
                 	.MACRO __PUTW1SNX
                 	MOVW R26,R28
                 	SUBI R26,LOW(-@0)
                 	SBCI R27,HIGH(-@0)
                 	LD   R0,X+
                 	LD   R27,X
                 	MOV  R26,R0
                 	SUBI R26,LOW(-@1)
                 	SBCI R27,HIGH(-@1)
                 	ST   X+,R30
                 	ST   X,R31
                 	.ENDM
                 
                 	.MACRO __PUTD1SNX
                 	MOVW R26,R28
                 	SUBI R26,LOW(-@0)
                 	SBCI R27,HIGH(-@0)
                 	LD   R0,X+
                 	LD   R27,X
                 	MOV  R26,R0
                 	SUBI R26,LOW(-@1)
                 	SBCI R27,HIGH(-@1)
                 	ST   X+,R30
                 	ST   X+,R31
                 	ST   X+,R22
                 	ST   X,R23
                 	.ENDM
                 
                 	.MACRO __MULBRR
                 	MULS R@0,R@1
                 	MOVW R30,R0
                 	.ENDM
                 
                 	.MACRO __MULBRRU
                 	MUL  R@0,R@1
                 	MOVW R30,R0
                 	.ENDM
                 
                 	.MACRO __MULBRR0
                 	MULS R@0,R@1
                 	.ENDM
                 
                 	.MACRO __MULBRRU0
                 	MUL  R@0,R@1
                 	.ENDM
                 
                 	.MACRO __MULBNWRU
                 	LDI  R26,@2
                 	MUL  R26,R@0
                 	MOVW R30,R0
                 	MUL  R26,R@1
                 	ADD  R31,R0
                 	.ENDM
                 
                 ;NAME DEFINITIONS FOR GLOBAL VARIABLES ALLOCATED TO REGISTERS
                 	.DEF __lcd_x=R5
                 	.DEF __lcd_y=R4
                 	.DEF __lcd_maxx=R7
                 
                 	.CSEG
                 	.ORG 0x00
                 
                 ;START OF CODE MARKER
                 __START_OF_CODE:
                 
                 ;INTERRUPT VECTORS
000000 940c 0077 	JMP  __RESET
000002 940c 0000 	JMP  0x00
000004 940c 0000 	JMP  0x00
000006 940c 0000 	JMP  0x00
000008 940c 0000 	JMP  0x00
00000a 940c 0000 	JMP  0x00
00000c 940c 0000 	JMP  0x00
00000e 940c 0000 	JMP  0x00
000010 940c 0000 	JMP  0x00
000012 940c 0000 	JMP  0x00
000014 940c 0000 	JMP  0x00
000016 940c 0000 	JMP  0x00
000018 940c 0000 	JMP  0x00
00001a 940c 0000 	JMP  0x00
00001c 940c 0000 	JMP  0x00
00001e 940c 0000 	JMP  0x00
000020 940c 0000 	JMP  0x00
000022 940c 0000 	JMP  0x00
000024 940c 0000 	JMP  0x00
000026 940c 0000 	JMP  0x00
000028 940c 0000 	JMP  0x00
                 
                 _tbl10_G101:
00002a 2710
00002b 03e8
00002c 0064
00002d 000a      	.DB  0x10,0x27,0xE8,0x3,0x64,0x0,0xA,0x0
00002e 0001      	.DB  0x1,0x0
                 _tbl16_G101:
00002f 1000
000030 0100
000031 0010
000032 0001      	.DB  0x0,0x10,0x0,0x1,0x10,0x0,0x1,0x0
                 
                 _0x20003:
000033 0000
000034 0000
000035 0000
000036 0000      	.DB  0x0,0x0,0x0,0x0,0x0,0x0,0x0,0x0
000037 0000
000038 0000
000039 0000
00003a 0000      	.DB  0x0,0x0,0x0,0x0,0x0,0x0,0x0,0x0
00003b 0000
00003c 0000
00003d 0000
00003e 0000      	.DB  0x0,0x0,0x0,0x0,0x0,0x0,0x0,0x0
00003f 0000
000040 0000
000041 0000
000042 0000      	.DB  0x0,0x0,0x0,0x0,0x0,0x0,0x0,0x0
000043 0000
000044 0000
000045 0000
000046 0000      	.DB  0x0,0x0,0x0,0x0,0x0,0x0,0x0,0x0
000047 0000
000048 0000
000049 0000
00004a 0000      	.DB  0x0,0x0,0x0,0x0,0x0,0x0,0x0,0x0
00004b 0000      	.DB  0x0,0x0
                 _0x20000:
00004c 0a0d
00004d 6e65
00004e 6574
00004f 2072      	.DB  0xD,0xA,0x65,0x6E,0x74,0x65,0x72,0x20
000050 6f79
000051 7275
000052 6e20
000053 6d61      	.DB  0x79,0x6F,0x75,0x72,0x20,0x6E,0x61,0x6D
000054 3a65
000055 0a0d
000056 4500
000057 746e      	.DB  0x65,0x3A,0xD,0xA,0x0,0x45,0x6E,0x74
000058 7265
000059 6e20
00005a 6d61
00005b 2065      	.DB  0x65,0x72,0x20,0x6E,0x61,0x6D,0x65,0x20
00005c 6e61
00005d 0a64
00005e 7250
00005f 7365      	.DB  0x61,0x6E,0x64,0xA,0x50,0x72,0x65,0x73
000060 2073
000061 6e45
000062 6574
000063 0072      	.DB  0x73,0x20,0x45,0x6E,0x74,0x65,0x72,0x0
000064 3c3c
000065 7325
000066 3e3e
000067 2500      	.DB  0x3C,0x3C,0x25,0x73,0x3E,0x3E,0x0,0x25
000068 0d73
000069 000a
00006a 7325
00006b 0d00      	.DB  0x73,0xD,0xA,0x0,0x25,0x73,0x0,0xD
00006c 250a
00006d 0a73
C:\cvavr\BIN\AZ7\Q1\Debug\List\Q1.asm(1144): warning: .cseg .db misalignment - padding zero byte
00006e 0000      	.DB  0xA,0x25,0x73,0xA,0x0
                 _0x2000003:
00006f c080      	.DB  0x80,0xC0
                 
                 __GLOBAL_INI_TBL:
000070 001b      	.DW  0x1B
000071 0160      	.DW  _0x20004
000072 00ad      	.DW  _0x20000*2+21
                 
000073 0002      	.DW  0x02
000074 017b      	.DW  __base_y_G100
000075 00de      	.DW  _0x2000003*2
                 
                 _0xFFFFFFFF:
000076 0000      	.DW  0
                 
                 #define __GLOBAL_INI_TBL_PRESENT 1
                 
                 __RESET:
000077 94f8      	CLI
000078 27ee      	CLR  R30
000079 bbec      	OUT  EECR,R30
                 
                 ;INTERRUPT VECTORS ARE PLACED
                 ;AT THE START OF FLASH
00007a e0f1      	LDI  R31,1
00007b bffb      	OUT  GICR,R31
00007c bfeb      	OUT  GICR,R30
00007d bfe5      	OUT  MCUCR,R30
                 
                 ;CLEAR R2-R14
00007e e08d      	LDI  R24,(14-2)+1
00007f e0a2      	LDI  R26,2
000080 27bb      	CLR  R27
                 __CLEAR_REG:
000081 93ed      	ST   X+,R30
000082 958a      	DEC  R24
000083 f7e9      	BRNE __CLEAR_REG
                 
                 ;CLEAR SRAM
000084 e080      	LDI  R24,LOW(__CLEAR_SRAM_SIZE)
000085 e094      	LDI  R25,HIGH(__CLEAR_SRAM_SIZE)
000086 e6a0      	LDI  R26,__SRAM_START
                 __CLEAR_SRAM:
000087 93ed      	ST   X+,R30
000088 9701      	SBIW R24,1
000089 f7e9      	BRNE __CLEAR_SRAM
                 
                 ;GLOBAL VARIABLES INITIALIZATION
00008a eee0      	LDI  R30,LOW(__GLOBAL_INI_TBL*2)
00008b e0f0      	LDI  R31,HIGH(__GLOBAL_INI_TBL*2)
                 __GLOBAL_INI_NEXT:
00008c 9185      	LPM  R24,Z+
00008d 9195      	LPM  R25,Z+
00008e 9700      	SBIW R24,0
00008f f061      	BREQ __GLOBAL_INI_END
000090 91a5      	LPM  R26,Z+
000091 91b5      	LPM  R27,Z+
000092 9005      	LPM  R0,Z+
000093 9015      	LPM  R1,Z+
000094 01bf      	MOVW R22,R30
000095 01f0      	MOVW R30,R0
                 __GLOBAL_INI_LOOP:
000096 9005      	LPM  R0,Z+
000097 920d      	ST   X+,R0
000098 9701      	SBIW R24,1
000099 f7e1      	BRNE __GLOBAL_INI_LOOP
00009a 01fb      	MOVW R30,R22
00009b cff0      	RJMP __GLOBAL_INI_NEXT
                 __GLOBAL_INI_END:
                 
                 ;HARDWARE STACK POINTER INITIALIZATION
00009c e5ef      	LDI  R30,LOW(__SRAM_END-__HEAP_SIZE)
00009d bfed      	OUT  SPL,R30
00009e e0e4      	LDI  R30,HIGH(__SRAM_END-__HEAP_SIZE)
00009f bfee      	OUT  SPH,R30
                 
                 ;DATA STACK POINTER INITIALIZATION
0000a0 e6c0      	LDI  R28,LOW(__SRAM_START+__DSTACK_SIZE)
0000a1 e0d1      	LDI  R29,HIGH(__SRAM_START+__DSTACK_SIZE)
                 
0000a2 940c 00a4 	JMP  _main
                 
                 	.ESEG
                 	.ORG 0
                 
                 	.DSEG
                 	.ORG 0x160
                 
                 	.CSEG
                 ;/*******************************************************
                 ;This program was created by the
                 ;CodeWizardAVR V3.12 Advanced
                 ;Automatic Program Generator
                 ;© Copyright 1998-2014 Pavel Haiduc, HP InfoTech s.r.l.
                 ;http://www.hpinfotech.com
                 ;
                 ;Project :
                 ;Version :
                 ;Date    : 25/05/2023
                 ;Author  :
                 ;Company :
                 ;Comments:
                 ;
                 ;
                 ;Chip type               : ATmega16
                 ;Program type            : Application
                 ;AVR Core Clock frequency: 8/000000 MHz
                 ;Memory model            : Small
                 ;External RAM size       : 0
                 ;Data Stack size         : 256
                 ;*******************************************************/
                 ;
                 ;#include <headers.h>
                 	#ifndef __SLEEP_DEFINED__
                 	#define __SLEEP_DEFINED__
                 	.EQU __se_bit=0x40
                 	.EQU __sm_mask=0xB0
                 	.EQU __sm_powerdown=0x20
                 	.EQU __sm_powersave=0x30
                 	.EQU __sm_standby=0xA0
                 	.EQU __sm_ext_standby=0xB0
                 	.EQU __sm_adc_noise_red=0x10
                 	.SET power_ctrl_reg=mcucr
                 	#endif
                 ;
                 ;void main(void)
                 ; 0000 001B {
                 
                 	.CSEG
                 _main:
                 ; .FSTART _main
                 ; 0000 001C 
                 ; 0000 001D init();
0000a4 d05f      	RCALL _init
                 ; 0000 001E while (1)
                 _0x3:
                 ; 0000 001F     {
                 ; 0000 0020         subRoutine1();
0000a5 d006      	RCALL _subRoutine1
                 ; 0000 0021         delay_ms(3000);
0000a6 eba8      	LDI  R26,LOW(3000)
0000a7 e0bb      	LDI  R27,HIGH(3000)
0000a8 940e 03f7 	CALL _delay_ms
                 ; 0000 0022     }
0000aa cffa      	RJMP _0x3
                 ; 0000 0023 }
                 _0x6:
0000ab cfff      	RJMP _0x6
                 ; .FEND
                 ;
                 ;
                 ;#include <headers.h>
                 	#ifndef __SLEEP_DEFINED__
                 	#endif
                 ;
                 ;void subRoutine1(void){
                 ; 0001 0003 void subRoutine1(void){
                 
                 	.CSEG
                 _subRoutine1:
                 ; .FSTART _subRoutine1
                 ; 0001 0004     char input[50];
                 ; 0001 0005     char output[50] = "\0";
                 ; 0001 0006     char temp;
                 ; 0001 0007     int i = 0;
                 ; 0001 0008 
                 ; 0001 0009     printf("\r\nenter your name:\r\n");
0000ac 97ef      	SBIW R28,63
0000ad 97a5      	SBIW R28,37
0000ae e382      	LDI  R24,50
0000af e0a0      	LDI  R26,LOW(0)
0000b0 e0b0      	LDI  R27,HIGH(0)
0000b1 e6e6      	LDI  R30,LOW(_0x20003*2)
0000b2 e0f0      	LDI  R31,HIGH(_0x20003*2)
0000b3 940e 0424 	CALL __INITLOCB
0000b5 940e 0418 	CALL __SAVELOCR4
                 ;	input -> Y+54
                 ;	output -> Y+4
                 ;	temp -> R17
                 ;	i -> R18,R19
                +
0000b7 e020     +LDI R18 , LOW ( 0 )
0000b8 e030     +LDI R19 , HIGH ( 0 )
                 	__GETWRN 18,19,0
                +
0000b9 e9e8     +LDI R30 , LOW ( 2 * _0x20000 + ( 0 ) )
0000ba e0f0     +LDI R31 , HIGH ( 2 * _0x20000 + ( 0 ) )
                 	__POINTW1FN _0x20000,0
0000bb 93fa      	ST   -Y,R31
0000bc 93ea      	ST   -Y,R30
0000bd e080      	LDI  R24,0
0000be 940e 0376 	CALL _printf
0000c0 9622      	ADIW R28,2
                 ; 0001 000A     lcd_clear();
0000c1 d0a1      	RCALL _lcd_clear
                 ; 0001 000B     lcd_puts("Enter name and\nPress Enter");
                +
0000c2 e6a0     +LDI R26 , LOW ( _0x20004 + ( 0 ) )
0000c3 e0b1     +LDI R27 , HIGH ( _0x20004 + ( 0 ) )
                 	__POINTW2MN _0x20004,0
0000c4 d0c1      	RCALL _lcd_puts
                 ; 0001 000C 
                 ; 0001 000D 
                 ; 0001 000E     while (1)
                 _0x20005:
                 ; 0001 000F     {
                 ; 0001 0010         temp = getchar();
0000c5 940e 01c5 	CALL _getchar
0000c7 2f1e      	MOV  R17,R30
                 ; 0001 0011         if(temp != 13) //if Enter is pressed
0000c8 301d      	CPI  R17,13
0000c9 f049      	BREQ _0x20008
                 ; 0001 0012         {
                 ; 0001 0013             input[i] = temp;
0000ca 01f9      	MOVW R30,R18
0000cb 01de      	MOVW R26,R28
0000cc 96d6      	ADIW R26,54
0000cd 0fea      	ADD  R30,R26
0000ce 1ffb      	ADC  R31,R27
0000cf 8310      	ST   Z,R17
                 ; 0001 0014             i++;
                +
0000d0 5f2f     +SUBI R18 , LOW ( - 1 )
0000d1 4f3f     +SBCI R19 , HIGH ( - 1 )
                 	__ADDWRN 18,19,1
                 ; 0001 0015         }
                 ; 0001 0016         else
0000d2 c027      	RJMP _0x20009
                 _0x20008:
                 ; 0001 0017         {
                 ; 0001 0018             input[i] = '\0';
0000d3 01de      	MOVW R26,R28
0000d4 96d6      	ADIW R26,54
0000d5 0fa2      	ADD  R26,R18
0000d6 1fb3      	ADC  R27,R19
0000d7 e0e0      	LDI  R30,LOW(0)
0000d8 93ec      	ST   X,R30
                 ; 0001 0019             sprintf(output, "<<%s>>", input);
0000d9 01fe      	MOVW R30,R28
0000da 9634      	ADIW R30,4
0000db 93fa      	ST   -Y,R31
0000dc 93ea      	ST   -Y,R30
                +
0000dd ece8     +LDI R30 , LOW ( 2 * _0x20000 + ( 48 ) )
0000de e0f0     +LDI R31 , HIGH ( 2 * _0x20000 + ( 48 ) )
                 	__POINTW1FN _0x20000,48
0000df 93fa      	ST   -Y,R31
0000e0 93ea      	ST   -Y,R30
0000e1 01fe      	MOVW R30,R28
0000e2 96fa      	ADIW R30,58
0000e3 2766      	CLR  R22
0000e4 2777      	CLR  R23
0000e5 940e 0411 	CALL __PUTPARD1
0000e7 e084      	LDI  R24,4
0000e8 940e 0348 	CALL _sprintf
0000ea 9628      	ADIW R28,8
                 ; 0001 001A             printf("%s\r\n", output);
                +
0000eb ecef     +LDI R30 , LOW ( 2 * _0x20000 + ( 55 ) )
0000ec e0f0     +LDI R31 , HIGH ( 2 * _0x20000 + ( 55 ) )
                 	__POINTW1FN _0x20000,55
0000ed 93fa      	ST   -Y,R31
0000ee 93ea      	ST   -Y,R30
0000ef 01fe      	MOVW R30,R28
0000f0 9636      	ADIW R30,6
0000f1 2766      	CLR  R22
0000f2 2777      	CLR  R23
0000f3 940e 0411 	CALL __PUTPARD1
0000f5 e084      	LDI  R24,4
0000f6 940e 0376 	CALL _printf
0000f8 9626      	ADIW R28,6
                 ; 0001 001B             break;
0000f9 c001      	RJMP _0x20007
                 ; 0001 001C         }
                 _0x20009:
                 ; 0001 001D     }
0000fa cfca      	RJMP _0x20005
                 _0x20007:
                 ; 0001 001E     lcd_clear();
0000fb d067      	RCALL _lcd_clear
                 ; 0001 001F     lcd_puts(output);
0000fc 01de      	MOVW R26,R28
0000fd 9614      	ADIW R26,4
0000fe d087      	RCALL _lcd_puts
                 ; 0001 0020 }
0000ff 940e 041f 	CALL __LOADLOCR4
000101 96ef      	ADIW R28,63
000102 96a9      	ADIW R28,41
000103 9508      	RET
                 ; .FEND
                 
                 	.DSEG
                 _0x20004:
000160           	.BYTE 0x1B
                 ;
                 ;void subRoutine1_3(void){
                 ; 0001 0022 void subRoutine1_3(void){
                 
                 	.CSEG
                 ; 0001 0023 
                 ; 0001 0024     char input[14];
                 ; 0001 0025     char output[30];
                 ; 0001 0026 
                 ; 0001 0027     printf("\r\nenter your name:\r\n");
                 ;	input -> Y+30
                 ;	output -> Y+0
                 ; 0001 0028     gets(input, 14);
                 ; 0001 0029     sprintf(output, "<<%s>>", input);
                 ; 0001 002A     printf("%s\r\n", output);
                 ; 0001 002B 
                 ; 0001 002C     lcd_clear();
                 ; 0001 002D     lcd_puts(output);
                 ; 0001 002E }
                 ;
                 ;void subRoutine1_2(void)
                 ; 0001 0031 {
                 ; 0001 0032     char input[20];
                 ; 0001 0033     char output[30];
                 ; 0001 0034 
                 ; 0001 0035     printf("\r\nenter your name:\r\n");
                 ;	input -> Y+30
                 ;	output -> Y+0
                 ; 0001 0036     scanf("%s", input);
                 ; 0001 0037     sprintf(output, "<<%s>>", input);
                 ; 0001 0038     printf("\r\n%s\n", output);
                 ; 0001 0039 }
                 ;
                 ;void init(void){
                 ; 0001 003B void init(void){
                 _init:
                 ; .FSTART _init
                 ; 0001 003C 
                 ; 0001 003D // Input/Output Ports initialization
                 ; 0001 003E // Port A initialization
                 ; 0001 003F // Function: Bit7=In Bit6=In Bit5=In Bit4=In Bit3=In Bit2=In Bit1=In Bit0=In
                 ; 0001 0040 DDRA=(0<<DDA7) | (0<<DDA6) | (0<<DDA5) | (0<<DDA4) | (0<<DDA3) | (0<<DDA2) | (0<<DDA1) | (0<<DDA0);
000104 e0e0      	LDI  R30,LOW(0)
000105 bbea      	OUT  0x1A,R30
                 ; 0001 0041 // State: Bit7=T Bit6=T Bit5=T Bit4=T Bit3=T Bit2=T Bit1=T Bit0=T
                 ; 0001 0042 PORTA=(0<<PORTA7) | (0<<PORTA6) | (0<<PORTA5) | (0<<PORTA4) | (0<<PORTA3) | (0<<PORTA2) | (0<<PORTA1) | (0<<PORTA0);
000106 bbeb      	OUT  0x1B,R30
                 ; 0001 0043 
                 ; 0001 0044 // Port B initialization
                 ; 0001 0045 // Function: Bit7=In Bit6=In Bit5=In Bit4=In Bit3=In Bit2=In Bit1=In Bit0=In
                 ; 0001 0046 DDRB=(0<<DDB7) | (0<<DDB6) | (0<<DDB5) | (0<<DDB4) | (0<<DDB3) | (0<<DDB2) | (0<<DDB1) | (0<<DDB0);
000107 bbe7      	OUT  0x17,R30
                 ; 0001 0047 // State: Bit7=T Bit6=T Bit5=T Bit4=T Bit3=T Bit2=T Bit1=T Bit0=T
                 ; 0001 0048 PORTB=(0<<PORTB7) | (0<<PORTB6) | (0<<PORTB5) | (0<<PORTB4) | (0<<PORTB3) | (0<<PORTB2) | (0<<PORTB1) | (0<<PORTB0);
000108 bbe8      	OUT  0x18,R30
                 ; 0001 0049 
                 ; 0001 004A // Port C initialization
                 ; 0001 004B // Function: Bit7=In Bit6=In Bit5=In Bit4=In Bit3=In Bit2=In Bit1=In Bit0=In
                 ; 0001 004C DDRC=(0<<DDC7) | (0<<DDC6) | (0<<DDC5) | (0<<DDC4) | (0<<DDC3) | (0<<DDC2) | (0<<DDC1) | (0<<DDC0);
000109 bbe4      	OUT  0x14,R30
                 ; 0001 004D // State: Bit7=T Bit6=T Bit5=T Bit4=T Bit3=T Bit2=T Bit1=T Bit0=T
                 ; 0001 004E PORTC=(0<<PORTC7) | (0<<PORTC6) | (0<<PORTC5) | (0<<PORTC4) | (0<<PORTC3) | (0<<PORTC2) | (0<<PORTC1) | (0<<PORTC0);
00010a bbe5      	OUT  0x15,R30
                 ; 0001 004F 
                 ; 0001 0050 // Port D initialization
                 ; 0001 0051 // Function: Bit7=In Bit6=In Bit5=In Bit4=In Bit3=In Bit2=In Bit1=In Bit0=In
                 ; 0001 0052 DDRD=(0<<DDD7) | (0<<DDD6) | (0<<DDD5) | (0<<DDD4) | (0<<DDD3) | (0<<DDD2) | (0<<DDD1) | (0<<DDD0);
00010b bbe1      	OUT  0x11,R30
                 ; 0001 0053 // State: Bit7=T Bit6=T Bit5=T Bit4=T Bit3=T Bit2=T Bit1=T Bit0=T
                 ; 0001 0054 PORTD=(0<<PORTD7) | (0<<PORTD6) | (0<<PORTD5) | (0<<PORTD4) | (0<<PORTD3) | (0<<PORTD2) | (0<<PORTD1) | (0<<PORTD0);
00010c bbe2      	OUT  0x12,R30
                 ; 0001 0055 
                 ; 0001 0056 // Timer/Counter 0 initialization
                 ; 0001 0057 // Clock source: System Clock
                 ; 0001 0058 // Clock value: Timer 0 Stopped
                 ; 0001 0059 // Mode: Normal top=0xFF
                 ; 0001 005A // OC0 output: Disconnected
                 ; 0001 005B TCCR0=(0<<WGM00) | (0<<COM01) | (0<<COM00) | (0<<WGM01) | (0<<CS02) | (0<<CS01) | (0<<CS00);
00010d bfe3      	OUT  0x33,R30
                 ; 0001 005C TCNT0=0x00;
00010e bfe2      	OUT  0x32,R30
                 ; 0001 005D OCR0=0x00;
00010f bfec      	OUT  0x3C,R30
                 ; 0001 005E 
                 ; 0001 005F // Timer/Counter 1 initialization
                 ; 0001 0060 // Clock source: System Clock
                 ; 0001 0061 // Clock value: Timer1 Stopped
                 ; 0001 0062 // Mode: Normal top=0xFFFF
                 ; 0001 0063 // OC1A output: Disconnected
                 ; 0001 0064 // OC1B output: Disconnected
                 ; 0001 0065 // Noise Canceler: Off
                 ; 0001 0066 // Input Capture on Falling Edge
                 ; 0001 0067 // Timer1 Overflow Interrupt: Off
                 ; 0001 0068 // Input Capture Interrupt: Off
                 ; 0001 0069 // Compare A Match Interrupt: Off
                 ; 0001 006A // Compare B Match Interrupt: Off
                 ; 0001 006B TCCR1A=(0<<COM1A1) | (0<<COM1A0) | (0<<COM1B1) | (0<<COM1B0) | (0<<WGM11) | (0<<WGM10);
000110 bdef      	OUT  0x2F,R30
                 ; 0001 006C TCCR1B=(0<<ICNC1) | (0<<ICES1) | (0<<WGM13) | (0<<WGM12) | (0<<CS12) | (0<<CS11) | (0<<CS10);
000111 bdee      	OUT  0x2E,R30
                 ; 0001 006D TCNT1H=0x00;
000112 bded      	OUT  0x2D,R30
                 ; 0001 006E TCNT1L=0x00;
000113 bdec      	OUT  0x2C,R30
                 ; 0001 006F ICR1H=0x00;
000114 bde7      	OUT  0x27,R30
                 ; 0001 0070 ICR1L=0x00;
000115 bde6      	OUT  0x26,R30
                 ; 0001 0071 OCR1AH=0x00;
000116 bdeb      	OUT  0x2B,R30
                 ; 0001 0072 OCR1AL=0x00;
000117 bdea      	OUT  0x2A,R30
                 ; 0001 0073 OCR1BH=0x00;
000118 bde9      	OUT  0x29,R30
                 ; 0001 0074 OCR1BL=0x00;
000119 bde8      	OUT  0x28,R30
                 ; 0001 0075 
                 ; 0001 0076 // Timer/Counter 2 initialization
                 ; 0001 0077 // Clock source: System Clock
                 ; 0001 0078 // Clock value: Timer2 Stopped
                 ; 0001 0079 // Mode: Normal top=0xFF
                 ; 0001 007A // OC2 output: Disconnected
                 ; 0001 007B ASSR=0<<AS2;
00011a bde2      	OUT  0x22,R30
                 ; 0001 007C TCCR2=(0<<PWM2) | (0<<COM21) | (0<<COM20) | (0<<CTC2) | (0<<CS22) | (0<<CS21) | (0<<CS20);
00011b bde5      	OUT  0x25,R30
                 ; 0001 007D TCNT2=0x00;
00011c bde4      	OUT  0x24,R30
                 ; 0001 007E OCR2=0x00;
00011d bde3      	OUT  0x23,R30
                 ; 0001 007F 
                 ; 0001 0080 // Timer(s)/Counter(s) Interrupt(s) initialization
                 ; 0001 0081 TIMSK=(0<<OCIE2) | (0<<TOIE2) | (0<<TICIE1) | (0<<OCIE1A) | (0<<OCIE1B) | (0<<TOIE1) | (0<<OCIE0) | (0<<TOIE0);
00011e bfe9      	OUT  0x39,R30
                 ; 0001 0082 
                 ; 0001 0083 // External Interrupt(s) initialization
                 ; 0001 0084 // INT0: Off
                 ; 0001 0085 // INT1: Off
                 ; 0001 0086 // INT2: Off
                 ; 0001 0087 MCUCR=(0<<ISC11) | (0<<ISC10) | (0<<ISC01) | (0<<ISC00);
00011f bfe5      	OUT  0x35,R30
                 ; 0001 0088 MCUCSR=(0<<ISC2);
000120 bfe4      	OUT  0x34,R30
                 ; 0001 0089 
                 ; 0001 008A // USART initialization
                 ; 0001 008B // Communication Parameters: 8 Data, 1 Stop, No Parity
                 ; 0001 008C // USART Receiver: On
                 ; 0001 008D // USART Transmitter: On
                 ; 0001 008E // USART Mode: Asynchronous
                 ; 0001 008F // USART Baud Rate: 9600
                 ; 0001 0090 UCSRA=(0<<RXC) | (0<<TXC) | (0<<UDRE) | (0<<FE) | (0<<DOR) | (0<<UPE) | (0<<U2X) | (0<<MPCM);
000121 b9eb      	OUT  0xB,R30
                 ; 0001 0091 UCSRB=(0<<RXCIE) | (0<<TXCIE) | (0<<UDRIE) | (1<<RXEN) | (1<<TXEN) | (0<<UCSZ2) | (0<<RXB8) | (0<<TXB8);
000122 e1e8      	LDI  R30,LOW(24)
000123 b9ea      	OUT  0xA,R30
                 ; 0001 0092 UCSRC=(1<<URSEL) | (0<<UMSEL) | (0<<UPM1) | (0<<UPM0) | (0<<USBS) | (1<<UCSZ1) | (1<<UCSZ0) | (0<<UCPOL);
000124 e8e6      	LDI  R30,LOW(134)
000125 bde0      	OUT  0x20,R30
                 ; 0001 0093 UBRRH=0x00;
000126 e0e0      	LDI  R30,LOW(0)
000127 bde0      	OUT  0x20,R30
                 ; 0001 0094 UBRRL=0x33;
000128 e3e3      	LDI  R30,LOW(51)
000129 b9e9      	OUT  0x9,R30
                 ; 0001 0095 
                 ; 0001 0096 // Analog Comparator initialization
                 ; 0001 0097 // Analog Comparator: Off
                 ; 0001 0098 // The Analog Comparator's positive input is
                 ; 0001 0099 // connected to the AIN0 pin
                 ; 0001 009A // The Analog Comparator's negative input is
                 ; 0001 009B // connected to the AIN1 pin
                 ; 0001 009C ACSR=(1<<ACD) | (0<<ACBG) | (0<<ACO) | (0<<ACI) | (0<<ACIE) | (0<<ACIC) | (0<<ACIS1) | (0<<ACIS0);
00012a e8e0      	LDI  R30,LOW(128)
00012b b9e8      	OUT  0x8,R30
                 ; 0001 009D SFIOR=(0<<ACME);
00012c e0e0      	LDI  R30,LOW(0)
00012d bfe0      	OUT  0x30,R30
                 ; 0001 009E 
                 ; 0001 009F // ADC initialization
                 ; 0001 00A0 // ADC disabled
                 ; 0001 00A1 ADCSRA=(0<<ADEN) | (0<<ADSC) | (0<<ADATE) | (0<<ADIF) | (0<<ADIE) | (0<<ADPS2) | (0<<ADPS1) | (0<<ADPS0);
00012e b9e6      	OUT  0x6,R30
                 ; 0001 00A2 
                 ; 0001 00A3 // SPI initialization
                 ; 0001 00A4 // SPI disabled
                 ; 0001 00A5 SPCR=(0<<SPIE) | (0<<SPE) | (0<<DORD) | (0<<MSTR) | (0<<CPOL) | (0<<CPHA) | (0<<SPR1) | (0<<SPR0);
00012f b9ed      	OUT  0xD,R30
                 ; 0001 00A6 
                 ; 0001 00A7 // TWI initialization
                 ; 0001 00A8 // TWI disabled
                 ; 0001 00A9 TWCR=(0<<TWEA) | (0<<TWSTA) | (0<<TWSTO) | (0<<TWEN) | (0<<TWIE);
000130 bfe6      	OUT  0x36,R30
                 ; 0001 00AA 
                 ; 0001 00AB // Alphanumeric LCD initialization
                 ; 0001 00AC // Connections are specified in the
                 ; 0001 00AD // Project|Configure|C Compiler|Libraries|Alphanumeric LCD menu:
                 ; 0001 00AE // RS - PORTA Bit 0
                 ; 0001 00AF // RD - PORTA Bit 1
                 ; 0001 00B0 // EN - PORTA Bit 2
                 ; 0001 00B1 // D4 - PORTA Bit 4
                 ; 0001 00B2 // D5 - PORTA Bit 5
                 ; 0001 00B3 // D6 - PORTA Bit 6
                 ; 0001 00B4 // D7 - PORTA Bit 7
                 ; 0001 00B5 // Characters/line: 16
                 ; 0001 00B6 lcd_init(16);
000131 e1a0      	LDI  R26,LOW(16)
000132 d064      	RCALL _lcd_init
                 ; 0001 00B7 }
000133 9508      	RET
                 ; .FEND
                 	#ifndef __SLEEP_DEFINED__
                 	#endif
                 
                 	.DSEG
                 
                 	.CSEG
                 __lcd_write_nibble_G100:
                 ; .FSTART __lcd_write_nibble_G100
000134 93aa      	ST   -Y,R26
000135 b3e5      	IN   R30,0x15
000136 70ef      	ANDI R30,LOW(0xF)
000137 2fae      	MOV  R26,R30
000138 81e8      	LD   R30,Y
000139 7fe0      	ANDI R30,LOW(0xF0)
00013a 2bea      	OR   R30,R26
00013b bbe5      	OUT  0x15,R30
                +
00013c e08d     +LDI R24 , LOW ( 13 )
                +__DELAY_USB_LOOP :
00013d 958a     +DEC R24
00013e f7f1     +BRNE __DELAY_USB_LOOP
                 	__DELAY_USB 13
00013f 9aaa      	SBI  0x15,2
                +
000140 e08d     +LDI R24 , LOW ( 13 )
                +__DELAY_USB_LOOP :
000141 958a     +DEC R24
000142 f7f1     +BRNE __DELAY_USB_LOOP
                 	__DELAY_USB 13
000143 98aa      	CBI  0x15,2
                +
000144 e08d     +LDI R24 , LOW ( 13 )
                +__DELAY_USB_LOOP :
000145 958a     +DEC R24
000146 f7f1     +BRNE __DELAY_USB_LOOP
                 	__DELAY_USB 13
000147 940c 01ce 	JMP  _0x2080003
                 ; .FEND
                 __lcd_write_data:
                 ; .FSTART __lcd_write_data
000149 93aa      	ST   -Y,R26
00014a 81a8      	LD   R26,Y
00014b dfe8      	RCALL __lcd_write_nibble_G100
00014c 81e8          ld    r30,y
00014d 95e2          swap  r30
00014e 83e8          st    y,r30
00014f 81a8      	LD   R26,Y
000150 dfe3      	RCALL __lcd_write_nibble_G100
                +
000151 e885     +LDI R24 , LOW ( 133 )
                +__DELAY_USB_LOOP :
000152 958a     +DEC R24
000153 f7f1     +BRNE __DELAY_USB_LOOP
                 	__DELAY_USB 133
000154 940c 01ce 	JMP  _0x2080003
                 ; .FEND
                 _lcd_gotoxy:
                 ; .FSTART _lcd_gotoxy
000156 93aa      	ST   -Y,R26
000157 81e8      	LD   R30,Y
000158 e0f0      	LDI  R31,0
000159 58e5      	SUBI R30,LOW(-__base_y_G100)
00015a 4ffe      	SBCI R31,HIGH(-__base_y_G100)
00015b 81e0      	LD   R30,Z
00015c 81a9      	LDD  R26,Y+1
00015d 0fae      	ADD  R26,R30
00015e dfea      	RCALL __lcd_write_data
00015f 8059      	LDD  R5,Y+1
000160 8048      	LDD  R4,Y+0
000161 9622      	ADIW R28,2
000162 9508      	RET
                 ; .FEND
                 _lcd_clear:
                 ; .FSTART _lcd_clear
000163 e0a2      	LDI  R26,LOW(2)
000164 940e 03ae 	CALL SUBOPT_0x0
000166 e0ac      	LDI  R26,LOW(12)
000167 dfe1      	RCALL __lcd_write_data
000168 e0a1      	LDI  R26,LOW(1)
000169 940e 03ae 	CALL SUBOPT_0x0
00016b e0e0      	LDI  R30,LOW(0)
00016c 2e4e      	MOV  R4,R30
00016d 2e5e      	MOV  R5,R30
00016e 9508      	RET
                 ; .FEND
                 _lcd_putchar:
                 ; .FSTART _lcd_putchar
00016f 93aa      	ST   -Y,R26
000170 81a8      	LD   R26,Y
000171 30aa      	CPI  R26,LOW(0xA)
000172 f011      	BREQ _0x2000005
000173 1457      	CP   R5,R7
000174 f050      	BRLO _0x2000004
                 _0x2000005:
000175 e0e0      	LDI  R30,LOW(0)
000176 93ea      	ST   -Y,R30
000177 9443      	INC  R4
000178 2da4      	MOV  R26,R4
000179 dfdc      	RCALL _lcd_gotoxy
00017a 81a8      	LD   R26,Y
00017b 30aa      	CPI  R26,LOW(0xA)
00017c f411      	BRNE _0x2000007
00017d 940c 01ce 	JMP  _0x2080003
                 _0x2000007:
                 _0x2000004:
00017f 9453      	INC  R5
000180 9aa8      	SBI  0x15,0
000181 81a8      	LD   R26,Y
000182 dfc6      	RCALL __lcd_write_data
000183 98a8      	CBI  0x15,0
000184 940c 01ce 	JMP  _0x2080003
                 ; .FEND
                 _lcd_puts:
                 ; .FSTART _lcd_puts
000186 93ba      	ST   -Y,R27
000187 93aa      	ST   -Y,R26
000188 931a      	ST   -Y,R17
                 _0x2000008:
000189 81a9      	LDD  R26,Y+1
00018a 81ba      	LDD  R27,Y+1+1
00018b 91ed      	LD   R30,X+
00018c 83a9      	STD  Y+1,R26
00018d 83ba      	STD  Y+1+1,R27
00018e 2f1e      	MOV  R17,R30
00018f 30e0      	CPI  R30,0
000190 f019      	BREQ _0x200000A
000191 2fa1      	MOV  R26,R17
000192 dfdc      	RCALL _lcd_putchar
000193 cff5      	RJMP _0x2000008
                 _0x200000A:
000194 8118      	LDD  R17,Y+0
000195 940c 01d8 	JMP  _0x2080002
                 ; .FEND
                 _lcd_init:
                 ; .FSTART _lcd_init
000197 93aa      	ST   -Y,R26
000198 b3e4      	IN   R30,0x14
000199 6fe0      	ORI  R30,LOW(0xF0)
00019a bbe4      	OUT  0x14,R30
00019b 9aa2      	SBI  0x14,2
00019c 9aa0      	SBI  0x14,0
00019d 9aa1      	SBI  0x14,1
00019e 98aa      	CBI  0x15,2
00019f 98a8      	CBI  0x15,0
0001a0 98a9      	CBI  0x15,1
0001a1 8078      	LDD  R7,Y+0
0001a2 81e8      	LD   R30,Y
0001a3 58e0      	SUBI R30,-LOW(128)
                +
0001a4 93e0 017d+STS __base_y_G100 + ( 2 ) , R30
                 	__PUTB1MN __base_y_G100,2
0001a6 81e8      	LD   R30,Y
0001a7 54e0      	SUBI R30,-LOW(192)
                +
0001a8 93e0 017e+STS __base_y_G100 + ( 3 ) , R30
                 	__PUTB1MN __base_y_G100,3
0001aa e1a4      	LDI  R26,LOW(20)
0001ab e0b0      	LDI  R27,0
0001ac 940e 03f7 	CALL _delay_ms
0001ae 940e 03b4 	CALL SUBOPT_0x1
0001b0 940e 03b4 	CALL SUBOPT_0x1
0001b2 940e 03b4 	CALL SUBOPT_0x1
0001b4 e2a0      	LDI  R26,LOW(32)
0001b5 df7e      	RCALL __lcd_write_nibble_G100
                +
0001b6 ec88     +LDI R24 , LOW ( 200 )
0001b7 e090     +LDI R25 , HIGH ( 200 )
                +__DELAY_USW_LOOP :
0001b8 9701     +SBIW R24 , 1
0001b9 f7f1     +BRNE __DELAY_USW_LOOP
                 	__DELAY_USW 200
0001ba e2a8      	LDI  R26,LOW(40)
0001bb df8d      	RCALL __lcd_write_data
0001bc e0a4      	LDI  R26,LOW(4)
0001bd df8b      	RCALL __lcd_write_data
0001be e8a5      	LDI  R26,LOW(133)
0001bf df89      	RCALL __lcd_write_data
0001c0 e0a6      	LDI  R26,LOW(6)
0001c1 df87      	RCALL __lcd_write_data
0001c2 dfa0      	RCALL _lcd_clear
0001c3 940c 01ce 	JMP  _0x2080003
                 ; .FEND
                 	#ifndef __SLEEP_DEFINED__
                 	#endif
                 
                 	.CSEG
                 _getchar:
                 ; .FSTART _getchar
                 getchar0:
0001c5 9b5f           sbis usr,rxc
0001c6 cffe           rjmp getchar0
0001c7 b1ec           in   r30,udr
0001c8 9508      	RET
                 ; .FEND
                 _putchar:
                 ; .FSTART _putchar
0001c9 93aa      	ST   -Y,R26
                 putchar0:
0001ca 9b5d           sbis usr,udre
0001cb cffe           rjmp putchar0
0001cc 81e8           ld   r30,y
0001cd b9ec           out  udr,r30
                 _0x2080003:
0001ce 9621      	ADIW R28,1
0001cf 9508      	RET
                 ; .FEND
                 _put_usart_G101:
                 ; .FSTART _put_usart_G101
0001d0 93ba      	ST   -Y,R27
0001d1 93aa      	ST   -Y,R26
0001d2 81aa      	LDD  R26,Y+2
0001d3 dff5      	RCALL _putchar
0001d4 81a8      	LD   R26,Y
0001d5 81b9      	LDD  R27,Y+1
0001d6 940e 03bc 	CALL SUBOPT_0x2
                 _0x2080002:
0001d8 9623      	ADIW R28,3
0001d9 9508      	RET
                 ; .FEND
                 _put_buff_G101:
                 ; .FSTART _put_buff_G101
0001da 93ba      	ST   -Y,R27
0001db 93aa      	ST   -Y,R26
0001dc 931a      	ST   -Y,R17
0001dd 930a      	ST   -Y,R16
0001de 81aa      	LDD  R26,Y+2
0001df 81bb      	LDD  R27,Y+2+1
0001e0 9612      	ADIW R26,2
0001e1 940e 0409 	CALL __GETW1P
0001e3 9730      	SBIW R30,0
0001e4 f129      	BREQ _0x2020010
0001e5 81aa      	LDD  R26,Y+2
0001e6 81bb      	LDD  R27,Y+2+1
0001e7 9614      	ADIW R26,4
0001e8 940e 0409 	CALL __GETW1P
0001ea 018f      	MOVW R16,R30
0001eb 9730      	SBIW R30,0
0001ec f061      	BREQ _0x2020012
                +
0001ed 3002     +CPI R16 , LOW ( 2 )
0001ee e0e0     +LDI R30 , HIGH ( 2 )
0001ef 071e     +CPC R17 , R30
                 	__CPWRN 16,17,2
0001f0 f080      	BRLO _0x2020013
0001f1 01f8      	MOVW R30,R16
0001f2 9731      	SBIW R30,1
0001f3 018f      	MOVW R16,R30
                +
0001f4 81aa     +LDD R26 , Y + 2
0001f5 81bb     +LDD R27 , Y + 2 + 1
0001f6 9614     +ADIW R26 , 4
0001f7 93ed     +ST X + , R30
0001f8 93fc     +ST X , R31
                 	__PUTW1SNS 2,4
                 _0x2020012:
0001f9 81aa      	LDD  R26,Y+2
0001fa 81bb      	LDD  R27,Y+2+1
0001fb 9612      	ADIW R26,2
0001fc 940e 03bc 	CALL SUBOPT_0x2
0001fe 9731      	SBIW R30,1
0001ff 81ac      	LDD  R26,Y+4
000200 83a0      	STD  Z+0,R26
                 _0x2020013:
000201 81aa      	LDD  R26,Y+2
000202 81bb      	LDD  R27,Y+2+1
000203 940e 0409 	CALL __GETW1P
000205 23ff      	TST  R31
000206 f012      	BRMI _0x2020014
000207 940e 03bc 	CALL SUBOPT_0x2
                 _0x2020014:
000209 c006      	RJMP _0x2020015
                 _0x2020010:
00020a 81aa      	LDD  R26,Y+2
00020b 81bb      	LDD  R27,Y+2+1
00020c efef      	LDI  R30,LOW(65535)
00020d efff      	LDI  R31,HIGH(65535)
00020e 93ed      	ST   X+,R30
00020f 93fc      	ST   X,R31
                 _0x2020015:
000210 8119      	LDD  R17,Y+1
000211 8108      	LDD  R16,Y+0
000212 9625      	ADIW R28,5
000213 9508      	RET
                 ; .FEND
                 __print_G101:
                 ; .FSTART __print_G101
000214 93ba      	ST   -Y,R27
000215 93aa      	ST   -Y,R26
000216 9726      	SBIW R28,6
000217 940e 0416 	CALL __SAVELOCR6
000219 e010      	LDI  R17,0
00021a 85ac      	LDD  R26,Y+12
00021b 85bd      	LDD  R27,Y+12+1
00021c e0e0      	LDI  R30,LOW(0)
00021d e0f0      	LDI  R31,HIGH(0)
00021e 93ed      	ST   X+,R30
00021f 93fc      	ST   X,R31
                 _0x2020016:
000220 89ea      	LDD  R30,Y+18
000221 89fb      	LDD  R31,Y+18+1
000222 9631      	ADIW R30,1
000223 8bea      	STD  Y+18,R30
000224 8bfb      	STD  Y+18+1,R31
000225 9731      	SBIW R30,1
000226 91e4      	LPM  R30,Z
000227 2f2e      	MOV  R18,R30
000228 30e0      	CPI  R30,0
000229 f409      	BRNE PC+2
00022a c115      	RJMP _0x2020018
00022b 2fe1      	MOV  R30,R17
00022c 30e0      	CPI  R30,0
00022d f439      	BRNE _0x202001C
00022e 3225      	CPI  R18,37
00022f f411      	BRNE _0x202001D
000230 e011      	LDI  R17,LOW(1)
000231 c002      	RJMP _0x202001E
                 _0x202001D:
000232 940e 03c2 	CALL SUBOPT_0x3
                 _0x202001E:
000234 c10a      	RJMP _0x202001B
                 _0x202001C:
000235 30e1      	CPI  R30,LOW(0x1)
000236 f4a9      	BRNE _0x202001F
000237 3225      	CPI  R18,37
000238 f419      	BRNE _0x2020020
000239 940e 03c2 	CALL SUBOPT_0x3
00023b c102      	RJMP _0x20200CC
                 _0x2020020:
00023c e012      	LDI  R17,LOW(2)
00023d e040      	LDI  R20,LOW(0)
00023e e000      	LDI  R16,LOW(0)
00023f 322d      	CPI  R18,45
000240 f411      	BRNE _0x2020021
000241 e001      	LDI  R16,LOW(1)
000242 c0fc      	RJMP _0x202001B
                 _0x2020021:
000243 322b      	CPI  R18,43
000244 f411      	BRNE _0x2020022
000245 e24b      	LDI  R20,LOW(43)
000246 c0f8      	RJMP _0x202001B
                 _0x2020022:
000247 3220      	CPI  R18,32
000248 f411      	BRNE _0x2020023
000249 e240      	LDI  R20,LOW(32)
00024a c0f4      	RJMP _0x202001B
                 _0x2020023:
00024b c002      	RJMP _0x2020024
                 _0x202001F:
00024c 30e2      	CPI  R30,LOW(0x2)
00024d f439      	BRNE _0x2020025
                 _0x2020024:
00024e e050      	LDI  R21,LOW(0)
00024f e013      	LDI  R17,LOW(3)
000250 3320      	CPI  R18,48
000251 f411      	BRNE _0x2020026
000252 6800      	ORI  R16,LOW(128)
000253 c0eb      	RJMP _0x202001B
                 _0x2020026:
000254 c003      	RJMP _0x2020027
                 _0x2020025:
000255 30e3      	CPI  R30,LOW(0x3)
000256 f009      	BREQ PC+2
000257 c0e7      	RJMP _0x202001B
                 _0x2020027:
000258 3320      	CPI  R18,48
000259 f010      	BRLO _0x202002A
00025a 332a      	CPI  R18,58
00025b f008      	BRLO _0x202002B
                 _0x202002A:
00025c c007      	RJMP _0x2020029
                 _0x202002B:
00025d e0aa      	LDI  R26,LOW(10)
00025e 9f5a      	MUL  R21,R26
00025f 2d50      	MOV  R21,R0
000260 2fe2      	MOV  R30,R18
000261 53e0      	SUBI R30,LOW(48)
000262 0f5e      	ADD  R21,R30
000263 c0db      	RJMP _0x202001B
                 _0x2020029:
000264 2fe2      	MOV  R30,R18
000265 36e3      	CPI  R30,LOW(0x63)
000266 f449      	BRNE _0x202002F
000267 940e 03c9 	CALL SUBOPT_0x4
000269 89e8      	LDD  R30,Y+16
00026a 89f9      	LDD  R31,Y+16+1
00026b 81a4      	LDD  R26,Z+4
00026c 93aa      	ST   -Y,R26
00026d 940e 03cf 	CALL SUBOPT_0x5
00026f c0ce      	RJMP _0x2020030
                 _0x202002F:
000270 37e3      	CPI  R30,LOW(0x73)
000271 f441      	BRNE _0x2020032
000272 940e 03c9 	CALL SUBOPT_0x4
000274 940e 03d5 	CALL SUBOPT_0x6
000276 940e 0395 	CALL _strlen
000278 2f1e      	MOV  R17,R30
000279 c00a      	RJMP _0x2020033
                 _0x2020032:
00027a 37e0      	CPI  R30,LOW(0x70)
00027b f461      	BRNE _0x2020035
00027c 940e 03c9 	CALL SUBOPT_0x4
00027e 940e 03d5 	CALL SUBOPT_0x6
000280 940e 03a1 	CALL _strlenf
000282 2f1e      	MOV  R17,R30
000283 6008      	ORI  R16,LOW(8)
                 _0x2020033:
000284 6002      	ORI  R16,LOW(2)
000285 770f      	ANDI R16,LOW(127)
000286 e030      	LDI  R19,LOW(0)
000287 c034      	RJMP _0x2020036
                 _0x2020035:
000288 36e4      	CPI  R30,LOW(0x64)
000289 f011      	BREQ _0x2020039
00028a 36e9      	CPI  R30,LOW(0x69)
00028b f411      	BRNE _0x202003A
                 _0x2020039:
00028c 6004      	ORI  R16,LOW(4)
00028d c002      	RJMP _0x202003B
                 _0x202003A:
00028e 37e5      	CPI  R30,LOW(0x75)
00028f f431      	BRNE _0x202003C
                 _0x202003B:
000290 e5e4      	LDI  R30,LOW(_tbl10_G101*2)
000291 e0f0      	LDI  R31,HIGH(_tbl10_G101*2)
000292 83ee      	STD  Y+6,R30
000293 83ff      	STD  Y+6+1,R31
000294 e015      	LDI  R17,LOW(5)
000295 c00c      	RJMP _0x202003D
                 _0x202003C:
000296 35e8      	CPI  R30,LOW(0x58)
000297 f411      	BRNE _0x202003F
000298 6008      	ORI  R16,LOW(8)
000299 c003      	RJMP _0x2020040
                 _0x202003F:
00029a 37e8      	CPI  R30,LOW(0x78)
00029b f009      	BREQ PC+2
00029c c0a1      	RJMP _0x2020071
                 _0x2020040:
00029d e5ee      	LDI  R30,LOW(_tbl16_G101*2)
00029e e0f0      	LDI  R31,HIGH(_tbl16_G101*2)
00029f 83ee      	STD  Y+6,R30
0002a0 83ff      	STD  Y+6+1,R31
0002a1 e014      	LDI  R17,LOW(4)
                 _0x202003D:
0002a2 ff02      	SBRS R16,2
0002a3 c014      	RJMP _0x2020042
0002a4 940e 03c9 	CALL SUBOPT_0x4
0002a6 940e 03df 	CALL SUBOPT_0x7
0002a8 85ab      	LDD  R26,Y+11
0002a9 23aa      	TST  R26
0002aa f43a      	BRPL _0x2020043
0002ab 85ea      	LDD  R30,Y+10
0002ac 85fb      	LDD  R31,Y+10+1
0002ad 940e 0405 	CALL __ANEGW1
0002af 87ea      	STD  Y+10,R30
0002b0 87fb      	STD  Y+10+1,R31
0002b1 e24d      	LDI  R20,LOW(45)
                 _0x2020043:
0002b2 3040      	CPI  R20,0
0002b3 f011      	BREQ _0x2020044
0002b4 5f1f      	SUBI R17,-LOW(1)
0002b5 c001      	RJMP _0x2020045
                 _0x2020044:
0002b6 7f0b      	ANDI R16,LOW(251)
                 _0x2020045:
0002b7 c004      	RJMP _0x2020046
                 _0x2020042:
0002b8 940e 03c9 	CALL SUBOPT_0x4
0002ba 940e 03df 	CALL SUBOPT_0x7
                 _0x2020046:
                 _0x2020036:
0002bc fd00      	SBRC R16,0
0002bd c011      	RJMP _0x2020047
                 _0x2020048:
0002be 1715      	CP   R17,R21
0002bf f478      	BRSH _0x202004A
0002c0 ff07      	SBRS R16,7
0002c1 c008      	RJMP _0x202004B
0002c2 ff02      	SBRS R16,2
0002c3 c004      	RJMP _0x202004C
0002c4 7f0b      	ANDI R16,LOW(251)
0002c5 2f24      	MOV  R18,R20
0002c6 5011      	SUBI R17,LOW(1)
0002c7 c001      	RJMP _0x202004D
                 _0x202004C:
0002c8 e320      	LDI  R18,LOW(48)
                 _0x202004D:
0002c9 c001      	RJMP _0x202004E
                 _0x202004B:
0002ca e220      	LDI  R18,LOW(32)
                 _0x202004E:
0002cb 940e 03c2 	CALL SUBOPT_0x3
0002cd 5051      	SUBI R21,LOW(1)
0002ce cfef      	RJMP _0x2020048
                 _0x202004A:
                 _0x2020047:
0002cf 2f31      	MOV  R19,R17
0002d0 ff01      	SBRS R16,1
0002d1 c017      	RJMP _0x202004F
                 _0x2020050:
0002d2 3030      	CPI  R19,0
0002d3 f0a1      	BREQ _0x2020052
0002d4 ff03      	SBRS R16,3
0002d5 c006      	RJMP _0x2020053
0002d6 81ee      	LDD  R30,Y+6
0002d7 81ff      	LDD  R31,Y+6+1
0002d8 9125      	LPM  R18,Z+
0002d9 83ee      	STD  Y+6,R30
0002da 83ff      	STD  Y+6+1,R31
0002db c005      	RJMP _0x2020054
                 _0x2020053:
0002dc 81ae      	LDD  R26,Y+6
0002dd 81bf      	LDD  R27,Y+6+1
0002de 912d      	LD   R18,X+
0002df 83ae      	STD  Y+6,R26
0002e0 83bf      	STD  Y+6+1,R27
                 _0x2020054:
0002e1 940e 03c2 	CALL SUBOPT_0x3
0002e3 3050      	CPI  R21,0
0002e4 f009      	BREQ _0x2020055
0002e5 5051      	SUBI R21,LOW(1)
                 _0x2020055:
0002e6 5031      	SUBI R19,LOW(1)
0002e7 cfea      	RJMP _0x2020050
                 _0x2020052:
0002e8 c04b      	RJMP _0x2020056
                 _0x202004F:
                 _0x2020058:
0002e9 e320      	LDI  R18,LOW(48)
0002ea 81ee      	LDD  R30,Y+6
0002eb 81ff      	LDD  R31,Y+6+1
0002ec 940e 040d 	CALL __GETW1PF
0002ee 87e8      	STD  Y+8,R30
0002ef 87f9      	STD  Y+8+1,R31
0002f0 81ee      	LDD  R30,Y+6
0002f1 81ff      	LDD  R31,Y+6+1
0002f2 9632      	ADIW R30,2
0002f3 83ee      	STD  Y+6,R30
0002f4 83ff      	STD  Y+6+1,R31
                 _0x202005A:
0002f5 85e8      	LDD  R30,Y+8
0002f6 85f9      	LDD  R31,Y+8+1
0002f7 85aa      	LDD  R26,Y+10
0002f8 85bb      	LDD  R27,Y+10+1
0002f9 17ae      	CP   R26,R30
0002fa 07bf      	CPC  R27,R31
0002fb f050      	BRLO _0x202005C
0002fc 5f2f      	SUBI R18,-LOW(1)
0002fd 85a8      	LDD  R26,Y+8
0002fe 85b9      	LDD  R27,Y+8+1
0002ff 85ea      	LDD  R30,Y+10
000300 85fb      	LDD  R31,Y+10+1
000301 1bea      	SUB  R30,R26
000302 0bfb      	SBC  R31,R27
000303 87ea      	STD  Y+10,R30
000304 87fb      	STD  Y+10+1,R31
000305 cfef      	RJMP _0x202005A
                 _0x202005C:
000306 332a      	CPI  R18,58
000307 f028      	BRLO _0x202005D
000308 ff03      	SBRS R16,3
000309 c002      	RJMP _0x202005E
00030a 5f29      	SUBI R18,-LOW(7)
00030b c001      	RJMP _0x202005F
                 _0x202005E:
00030c 5d29      	SUBI R18,-LOW(39)
                 _0x202005F:
                 _0x202005D:
00030d fd04      	SBRC R16,4
00030e c01a      	RJMP _0x2020061
00030f 3321      	CPI  R18,49
000310 f420      	BRSH _0x2020063
000311 85a8      	LDD  R26,Y+8
000312 85b9      	LDD  R27,Y+8+1
000313 9711      	SBIW R26,1
000314 f409      	BRNE _0x2020062
                 _0x2020063:
000315 c009      	RJMP _0x20200CD
                 _0x2020062:
000316 1753      	CP   R21,R19
000317 f010      	BRLO _0x2020067
000318 ff00      	SBRS R16,0
000319 c001      	RJMP _0x2020068
                 _0x2020067:
00031a c013      	RJMP _0x2020066
                 _0x2020068:
00031b e220      	LDI  R18,LOW(32)
00031c ff07      	SBRS R16,7
00031d c00b      	RJMP _0x2020069
00031e e320      	LDI  R18,LOW(48)
                 _0x20200CD:
00031f 6100      	ORI  R16,LOW(16)
000320 ff02      	SBRS R16,2
000321 c007      	RJMP _0x202006A
000322 7f0b      	ANDI R16,LOW(251)
000323 934a      	ST   -Y,R20
000324 940e 03cf 	CALL SUBOPT_0x5
000326 3050      	CPI  R21,0
000327 f009      	BREQ _0x202006B
000328 5051      	SUBI R21,LOW(1)
                 _0x202006B:
                 _0x202006A:
                 _0x2020069:
                 _0x2020061:
000329 940e 03c2 	CALL SUBOPT_0x3
00032b 3050      	CPI  R21,0
00032c f009      	BREQ _0x202006C
00032d 5051      	SUBI R21,LOW(1)
                 _0x202006C:
                 _0x2020066:
00032e 5031      	SUBI R19,LOW(1)
00032f 85a8      	LDD  R26,Y+8
000330 85b9      	LDD  R27,Y+8+1
000331 9712      	SBIW R26,2
000332 f008      	BRLO _0x2020059
000333 cfb5      	RJMP _0x2020058
                 _0x2020059:
                 _0x2020056:
000334 ff00      	SBRS R16,0
000335 c008      	RJMP _0x202006D
                 _0x202006E:
000336 3050      	CPI  R21,0
000337 f031      	BREQ _0x2020070
000338 5051      	SUBI R21,LOW(1)
000339 e2e0      	LDI  R30,LOW(32)
00033a 93ea      	ST   -Y,R30
00033b 940e 03cf 	CALL SUBOPT_0x5
00033d cff8      	RJMP _0x202006E
                 _0x2020070:
                 _0x202006D:
                 _0x2020071:
                 _0x2020030:
                 _0x20200CC:
00033e e010      	LDI  R17,LOW(0)
                 _0x202001B:
00033f cee0      	RJMP _0x2020016
                 _0x2020018:
000340 85ac      	LDD  R26,Y+12
000341 85bd      	LDD  R27,Y+12+1
000342 940e 0409 	CALL __GETW1P
000344 940e 041d 	CALL __LOADLOCR6
000346 9664      	ADIW R28,20
000347 9508      	RET
                 ; .FEND
                 _sprintf:
                 ; .FSTART _sprintf
000348 92ff      	PUSH R15
000349 2ef8      	MOV  R15,R24
00034a 9726      	SBIW R28,6
00034b 940e 0418 	CALL __SAVELOCR4
00034d 940e 03e7 	CALL SUBOPT_0x8
00034f 9730      	SBIW R30,0
000350 f419      	BRNE _0x2020072
000351 efef      	LDI  R30,LOW(65535)
000352 efff      	LDI  R31,HIGH(65535)
000353 c01d      	RJMP _0x2080001
                 _0x2020072:
000354 01de      	MOVW R26,R28
000355 9616      	ADIW R26,6
000356 940e 0401 	CALL __ADDW2R15
000358 018d      	MOVW R16,R26
000359 940e 03e7 	CALL SUBOPT_0x8
00035b 83ee      	STD  Y+6,R30
00035c 83ff      	STD  Y+6+1,R31
00035d e0e0      	LDI  R30,LOW(0)
00035e 87e8      	STD  Y+8,R30
00035f 87e9      	STD  Y+8+1,R30
000360 01de      	MOVW R26,R28
000361 961a      	ADIW R26,10
000362 940e 03ee 	CALL SUBOPT_0x9
000364 edea      	LDI  R30,LOW(_put_buff_G101)
000365 e0f1      	LDI  R31,HIGH(_put_buff_G101)
000366 93fa      	ST   -Y,R31
000367 93ea      	ST   -Y,R30
000368 01de      	MOVW R26,R28
000369 961a      	ADIW R26,10
00036a dea9      	RCALL __print_G101
00036b 019f      	MOVW R18,R30
00036c 81ae      	LDD  R26,Y+6
00036d 81bf      	LDD  R27,Y+6+1
00036e e0e0      	LDI  R30,LOW(0)
00036f 93ec      	ST   X,R30
000370 01f9      	MOVW R30,R18
                 _0x2080001:
000371 940e 041f 	CALL __LOADLOCR4
000373 962a      	ADIW R28,10
000374 90ff      	POP  R15
000375 9508      	RET
                 ; .FEND
                 _printf:
                 ; .FSTART _printf
000376 92ff      	PUSH R15
000377 2ef8      	MOV  R15,R24
000378 9726      	SBIW R28,6
000379 931a      	ST   -Y,R17
00037a 930a      	ST   -Y,R16
00037b 01de      	MOVW R26,R28
00037c 9614      	ADIW R26,4
00037d 940e 0401 	CALL __ADDW2R15
00037f 018d      	MOVW R16,R26
000380 e0e0      	LDI  R30,LOW(0)
000381 83ec      	STD  Y+4,R30
000382 83ed      	STD  Y+4+1,R30
000383 83ee      	STD  Y+6,R30
000384 83ef      	STD  Y+6+1,R30
000385 01de      	MOVW R26,R28
000386 9618      	ADIW R26,8
000387 940e 03ee 	CALL SUBOPT_0x9
000389 ede0      	LDI  R30,LOW(_put_usart_G101)
00038a e0f1      	LDI  R31,HIGH(_put_usart_G101)
00038b 93fa      	ST   -Y,R31
00038c 93ea      	ST   -Y,R30
00038d 01de      	MOVW R26,R28
00038e 9618      	ADIW R26,8
00038f de84      	RCALL __print_G101
000390 8119      	LDD  R17,Y+1
000391 8108      	LDD  R16,Y+0
000392 9628      	ADIW R28,8
000393 90ff      	POP  R15
000394 9508      	RET
                 ; .FEND
                 
                 	.CSEG
                 
                 	.CSEG
                 _strlen:
                 ; .FSTART _strlen
000395 93ba      	ST   -Y,R27
000396 93aa      	ST   -Y,R26
000397 91a9          ld   r26,y+
000398 91b9          ld   r27,y+
000399 27ee          clr  r30
00039a 27ff          clr  r31
                 strlen0:
00039b 916d          ld   r22,x+
00039c 2366          tst  r22
00039d f011          breq strlen1
00039e 9631          adiw r30,1
00039f cffb          rjmp strlen0
                 strlen1:
0003a0 9508          ret
                 ; .FEND
                 _strlenf:
                 ; .FSTART _strlenf
0003a1 93ba      	ST   -Y,R27
0003a2 93aa      	ST   -Y,R26
0003a3 27aa          clr  r26
0003a4 27bb          clr  r27
0003a5 91e9          ld   r30,y+
0003a6 91f9          ld   r31,y+
                 strlenf0:
0003a7 9005      	lpm  r0,z+
0003a8 2000          tst  r0
0003a9 f011          breq strlenf1
0003aa 9611          adiw r26,1
0003ab cffb          rjmp strlenf0
                 strlenf1:
0003ac 01fd          movw r30,r26
0003ad 9508          ret
                 ; .FEND
                 
                 	.DSEG
                 __base_y_G100:
00017b           	.BYTE 0x4
                 
                 	.CSEG
                 ;OPTIMIZER ADDED SUBROUTINE, CALLED 2 TIMES, CODE SIZE REDUCTION:1 WORDS
                 SUBOPT_0x0:
0003ae 940e 0149 	CALL __lcd_write_data
0003b0 e0a3      	LDI  R26,LOW(3)
0003b1 e0b0      	LDI  R27,0
0003b2 940c 03f7 	JMP  _delay_ms
                 
                 ;OPTIMIZER ADDED SUBROUTINE, CALLED 3 TIMES, CODE SIZE REDUCTION:7 WORDS
                 SUBOPT_0x1:
0003b4 e3a0      	LDI  R26,LOW(48)
0003b5 940e 0134 	CALL __lcd_write_nibble_G100
                +
0003b7 ec88     +LDI R24 , LOW ( 200 )
0003b8 e090     +LDI R25 , HIGH ( 200 )
                +__DELAY_USW_LOOP :
0003b9 9701     +SBIW R24 , 1
0003ba f7f1     +BRNE __DELAY_USW_LOOP
                 	__DELAY_USW 200
0003bb 9508      	RET
                 
                 ;OPTIMIZER ADDED SUBROUTINE, CALLED 3 TIMES, CODE SIZE REDUCTION:3 WORDS
                 SUBOPT_0x2:
0003bc 91ed      	LD   R30,X+
0003bd 91fd      	LD   R31,X+
0003be 9631      	ADIW R30,1
0003bf 93fe      	ST   -X,R31
0003c0 93ee      	ST   -X,R30
0003c1 9508      	RET
                 
                 ;OPTIMIZER ADDED SUBROUTINE, CALLED 5 TIMES, CODE SIZE REDUCTION:13 WORDS
                 SUBOPT_0x3:
0003c2 932a      	ST   -Y,R18
0003c3 85ad      	LDD  R26,Y+13
0003c4 85be      	LDD  R27,Y+13+1
0003c5 85ef      	LDD  R30,Y+15
0003c6 89f8      	LDD  R31,Y+15+1
0003c7 9509      	ICALL
0003c8 9508      	RET
                 
                 ;OPTIMIZER ADDED SUBROUTINE, CALLED 5 TIMES, CODE SIZE REDUCTION:9 WORDS
                 SUBOPT_0x4:
0003c9 89e8      	LDD  R30,Y+16
0003ca 89f9      	LDD  R31,Y+16+1
0003cb 9734      	SBIW R30,4
0003cc 8be8      	STD  Y+16,R30
0003cd 8bf9      	STD  Y+16+1,R31
0003ce 9508      	RET
                 
                 ;OPTIMIZER ADDED SUBROUTINE, CALLED 3 TIMES, CODE SIZE REDUCTION:3 WORDS
                 SUBOPT_0x5:
0003cf 85ad      	LDD  R26,Y+13
0003d0 85be      	LDD  R27,Y+13+1
0003d1 85ef      	LDD  R30,Y+15
0003d2 89f8      	LDD  R31,Y+15+1
0003d3 9509      	ICALL
0003d4 9508      	RET
                 
                 ;OPTIMIZER ADDED SUBROUTINE, CALLED 2 TIMES, CODE SIZE REDUCTION:4 WORDS
                 SUBOPT_0x6:
0003d5 89a8      	LDD  R26,Y+16
0003d6 89b9      	LDD  R27,Y+16+1
0003d7 9614      	ADIW R26,4
0003d8 940e 0409 	CALL __GETW1P
0003da 83ee      	STD  Y+6,R30
0003db 83ff      	STD  Y+6+1,R31
0003dc 81ae      	LDD  R26,Y+6
0003dd 81bf      	LDD  R27,Y+6+1
0003de 9508      	RET
                 
                 ;OPTIMIZER ADDED SUBROUTINE, CALLED 2 TIMES, CODE SIZE REDUCTION:2 WORDS
                 SUBOPT_0x7:
0003df 89a8      	LDD  R26,Y+16
0003e0 89b9      	LDD  R27,Y+16+1
0003e1 9614      	ADIW R26,4
0003e2 940e 0409 	CALL __GETW1P
0003e4 87ea      	STD  Y+10,R30
0003e5 87fb      	STD  Y+10+1,R31
0003e6 9508      	RET
                 
                 ;OPTIMIZER ADDED SUBROUTINE, CALLED 2 TIMES, CODE SIZE REDUCTION:1 WORDS
                 SUBOPT_0x8:
0003e7 01de      	MOVW R26,R28
0003e8 961c      	ADIW R26,12
0003e9 940e 0401 	CALL __ADDW2R15
0003eb 940e 0409 	CALL __GETW1P
0003ed 9508      	RET
                 
                 ;OPTIMIZER ADDED SUBROUTINE, CALLED 2 TIMES, CODE SIZE REDUCTION:3 WORDS
                 SUBOPT_0x9:
0003ee 940e 0401 	CALL __ADDW2R15
0003f0 940e 0409 	CALL __GETW1P
0003f2 93fa      	ST   -Y,R31
0003f3 93ea      	ST   -Y,R30
0003f4 931a      	ST   -Y,R17
0003f5 930a      	ST   -Y,R16
0003f6 9508      	RET
                 
                 
                 	.CSEG
                 _delay_ms:
0003f7 9610      	adiw r26,0
0003f8 f039      	breq __delay_ms1
                 __delay_ms0:
                +
0003f9 ed80     +LDI R24 , LOW ( 0x7D0 )
0003fa e097     +LDI R25 , HIGH ( 0x7D0 )
                +__DELAY_USW_LOOP :
0003fb 9701     +SBIW R24 , 1
0003fc f7f1     +BRNE __DELAY_USW_LOOP
                 	__DELAY_USW 0x7D0
0003fd 95a8      	wdr
0003fe 9711      	sbiw r26,1
0003ff f7c9      	brne __delay_ms0
                 __delay_ms1:
000400 9508      	ret
                 
                 __ADDW2R15:
000401 2400      	CLR  R0
000402 0daf      	ADD  R26,R15
000403 1db0      	ADC  R27,R0
000404 9508      	RET
                 
                 __ANEGW1:
000405 95f1      	NEG  R31
000406 95e1      	NEG  R30
000407 40f0      	SBCI R31,0
000408 9508      	RET
                 
                 __GETW1P:
000409 91ed      	LD   R30,X+
00040a 91fc      	LD   R31,X
00040b 9711      	SBIW R26,1
00040c 9508      	RET
                 
                 __GETW1PF:
00040d 9005      	LPM  R0,Z+
00040e 91f4      	LPM  R31,Z
00040f 2de0      	MOV  R30,R0
000410 9508      	RET
                 
                 __PUTPARD1:
000411 937a      	ST   -Y,R23
000412 936a      	ST   -Y,R22
000413 93fa      	ST   -Y,R31
000414 93ea      	ST   -Y,R30
000415 9508      	RET
                 
                 __SAVELOCR6:
000416 935a      	ST   -Y,R21
                 __SAVELOCR5:
000417 934a      	ST   -Y,R20
                 __SAVELOCR4:
000418 933a      	ST   -Y,R19
                 __SAVELOCR3:
000419 932a      	ST   -Y,R18
                 __SAVELOCR2:
00041a 931a      	ST   -Y,R17
00041b 930a      	ST   -Y,R16
00041c 9508      	RET
                 
                 __LOADLOCR6:
00041d 815d      	LDD  R21,Y+5
                 __LOADLOCR5:
00041e 814c      	LDD  R20,Y+4
                 __LOADLOCR4:
00041f 813b      	LDD  R19,Y+3
                 __LOADLOCR3:
000420 812a      	LDD  R18,Y+2
                 __LOADLOCR2:
000421 8119      	LDD  R17,Y+1
000422 8108      	LD   R16,Y
000423 9508      	RET
                 
                 __INITLOCB:
                 __INITLOCW:
000424 0fac      	ADD  R26,R28
000425 1fbd      	ADC  R27,R29
                 __INITLOC0:
000426 9005      	LPM  R0,Z+
000427 920d      	ST   X+,R0
000428 958a      	DEC  R24
000429 f7e1      	BRNE __INITLOC0
00042a 9508      	RET
                 
                 ;END OF CODE MARKER
                 __END_OF_CODE:


RESOURCE USE INFORMATION
------------------------

Notice:
The register and instruction counts are symbol table hit counts,
and hence implicitly used resources are not counted, eg, the
'lpm' instruction without operands implicitly uses r0 and z,
none of which are counted.

x,y,z are separate entities in the symbol table and are
counted separately from r26..r31 here.

.dseg memory usage only counts static data declared with .byte

ATmega16 register use summary:
r0 :  13 r1 :   1 r2 :   0 r3 :   0 r4 :   4 r5 :   4 r6 :   0 r7 :   2 
r8 :   0 r9 :   0 r10:   0 r11:   0 r12:   0 r13:   0 r14:   0 r15:   7 
r16:  37 r17:  29 r18:  33 r19:  11 r20:   9 r21:  17 r22:   7 r23:   3 
r24:  28 r25:   5 r26: 118 r27:  44 r28:  32 r29:   2 r30: 211 r31:  62 
x  :  21 y  : 186 z  :  17 
Registers used: 25 out of 35 (71.4%)

ATmega16 instruction use summary:
.lds  :   0 .lds.l:   0 .sts  :   0 .sts.l:   0 adc   :   4 add   :   6 
adiw  :  37 and   :   0 andi  :   6 asr   :   0 bclr  :   0 bld   :   0 
brbc  :   0 brbs  :   0 brcc  :   0 brcs  :   0 break :   0 breq  :  18 
brge  :   0 brhc  :   0 brhs  :   0 brid  :   0 brie  :   0 brlo  :   8 
brlt  :   0 brmi  :   1 brne  :  31 brpl  :   1 brsh  :   2 brtc  :   0 
brts  :   0 brvc  :   0 brvs  :   0 bset  :   0 bst   :   0 call  :  62 
cbi   :   5 cbr   :   0 clc   :   0 clh   :   0 cli   :   1 cln   :   0 
clr   :  11 cls   :   0 clt   :   0 clv   :   0 clz   :   0 com   :   0 
cp    :   4 cpc   :   2 cpi   :  34 cpse  :   0 dec   :   6 des   :   0 
eor   :   0 fmul  :   0 fmuls :   0 fmulsu:   0 icall :   2 ijmp  :   0 
in    :   3 inc   :   2 jmp   :  29 ld    :  25 ldd   :  81 ldi   : 107 
lds   :   0 lpm   :  15 lsl   :   0 lsr   :   0 mov   :  19 movw  :  25 
mul   :   1 muls  :   0 mulsu :   0 neg   :   2 nop   :   0 or    :   1 
ori   :   7 out   :  47 pop   :   2 push  :   2 rcall :  23 ret   :  31 
reti  :   0 rjmp  :  60 rol   :   0 ror   :   0 sbc   :   1 sbci  :   3 
sbi   :   5 sbic  :   0 sbis  :   2 sbiw  :  22 sbr   :   0 sbrc  :   2 
sbrs  :  10 sec   :   0 seh   :   0 sei   :   0 sen   :   0 ser   :   0 
ses   :   0 set   :   0 sev   :   0 sez   :   0 sleep :   0 spm   :   0 
st    :  70 std   :  35 sts   :   2 sub   :   1 subi  :  17 swap  :   1 
tst   :   4 wdr   :   1 
Instructions used: 53 out of 116 (45.7%)

ATmega16 memory use summary [bytes]:
Segment   Begin    End      Code   Data   Used    Size   Use%
---------------------------------------------------------------
[.cseg] 0x000000 0x000856   1980    154   2134   16384  13.0%
[.dseg] 0x000060 0x00017f      0     31     31    1024   3.0%
[.eseg] 0x000000 0x000000      0      0      0     512   0.0%

Assembly complete, 0 errors, 4 warnings
